#! /c/Source/iverilog-install/bin/vvp
:ivl_version "12.0 (devel)" "(s20150603-1539-g2693dd32b)";
:ivl_delay_selection "TYPICAL";
:vpi_time_precision - 10;
:vpi_module "C:\iverilog\lib\ivl\system.vpi";
:vpi_module "C:\iverilog\lib\ivl\vhdl_sys.vpi";
:vpi_module "C:\iverilog\lib\ivl\vhdl_textio.vpi";
:vpi_module "C:\iverilog\lib\ivl\v2005_math.vpi";
:vpi_module "C:\iverilog\lib\ivl\va_math.vpi";
:vpi_module "C:\iverilog\lib\ivl\v2009.vpi";
S_000001a95dcadf90 .scope package, "$unit" "$unit" 2 1;
 .timescale 0 0;
S_000001a95dcb5360 .scope module, "pipeline_manager_tb" "pipeline_manager_tb" 3 6;
 .timescale -9 -10;
P_000001a95dc68f00 .param/l "COUNTER_WIDTH" 1 3 9, +C4<00000000000000000000000000000111>;
P_000001a95dc68f38 .param/l "VECTOR_WIDTH" 1 3 8, +C4<00000000000000000000000010000000>;
v000001a95de148e0_0 .var "N", 7 0;
v000001a95de14de0_0 .var "clk", 0 0;
v000001a95de13940_0 .net "counter", 6 0, v000001a95de12790_0;  1 drivers
v000001a95de12f40_0 .net "fetch", 0 0, v000001a95de11250_0;  1 drivers
v000001a95de13e40_0 .net "hidden_layer_enable", 0 0, v000001a95de114d0_0;  1 drivers
v000001a95de13b20_0 .net "lookup_layer_enable", 0 0, v000001a95de11430_0;  1 drivers
v000001a95de13080_0 .net "loss_layer_enable", 0 0, v000001a95de112f0_0;  1 drivers
v000001a95de13c60_0 .var "mem_data", 127 0;
v000001a95de13f80_0 .net "mfu_features", 127 0, v000001a95de12290_0;  1 drivers
v000001a95de13300_0 .net "mfu_ready", 0 0, v000001a95de11c50_0;  1 drivers
v000001a95de13620_0 .net "mfu_updated", 0 0, v000001a95de11a70_0;  1 drivers
v000001a95de136c0_0 .net "next_vector", 127 0, L_000001a95dd734d0;  1 drivers
v000001a95de13120_0 .net "output_layer_enable", 0 0, v000001a95de11390_0;  1 drivers
v000001a95de13bc0_0 .var "resetN", 0 0;
v000001a95de13760_0 .var "start", 0 0;
v000001a95de133a0_0 .var "valid", 0 0;
v000001a95de131c0_0 .net "validate_vector", 127 0, L_000001a95dd73690;  1 drivers
E_000001a95ddb28c0 .event anyedge, v000001a95de114d0_0;
E_000001a95ddb2400 .event anyedge, v000001a95de11250_0;
S_000001a95ddaa080 .scope task, "check_outputs" "check_outputs" 3 141, 3 141 0, S_000001a95dcb5360;
 .timescale -9 -10;
v000001a95dcb3060_0 .var "expected_counter", 6 0;
v000001a95dcb2ca0_0 .var "expected_fetch", 0 0;
v000001a95dcb2ac0_0 .var "expected_hidden_enable", 0 0;
v000001a95dcb31a0_0 .var "expected_lookup_enable", 0 0;
v000001a95dcb2840_0 .var "expected_loss_enable", 0 0;
v000001a95dcb2f20_0 .var "expected_next_vector", 127 0;
v000001a95dcb28e0_0 .var "expected_output_enable", 0 0;
v000001a95dcb3100_0 .var "expected_validate_vector", 127 0;
v000001a95dcb2980_0 .var "test_name", 255 0;
TD_pipeline_manager_tb.check_outputs ;
    %load/vec4 v000001a95de12f40_0;
    %load/vec4 v000001a95dcb2ca0_0;
    %cmp/ne;
    %jmp/1 T_0.8, 6;
    %flag_mov 8, 6;
    %load/vec4 v000001a95de13e40_0;
    %load/vec4 v000001a95dcb2ac0_0;
    %cmp/ne;
    %flag_or 6, 8;
T_0.8;
    %jmp/1 T_0.7, 6;
    %flag_mov 8, 6;
    %load/vec4 v000001a95de13120_0;
    %load/vec4 v000001a95dcb28e0_0;
    %cmp/ne;
    %flag_or 6, 8;
T_0.7;
    %jmp/1 T_0.6, 6;
    %flag_mov 8, 6;
    %load/vec4 v000001a95de13b20_0;
    %load/vec4 v000001a95dcb31a0_0;
    %cmp/ne;
    %flag_or 6, 8;
T_0.6;
    %jmp/1 T_0.5, 6;
    %flag_mov 8, 6;
    %load/vec4 v000001a95de13080_0;
    %load/vec4 v000001a95dcb2840_0;
    %cmp/ne;
    %flag_or 6, 8;
T_0.5;
    %jmp/1 T_0.4, 6;
    %flag_mov 8, 6;
    %load/vec4 v000001a95de13940_0;
    %load/vec4 v000001a95dcb3060_0;
    %cmp/ne;
    %flag_or 6, 8;
T_0.4;
    %jmp/1 T_0.3, 6;
    %flag_mov 8, 6;
    %load/vec4 v000001a95de136c0_0;
    %load/vec4 v000001a95dcb2f20_0;
    %cmp/ne;
    %flag_or 6, 8;
T_0.3;
    %jmp/1 T_0.2, 6;
    %flag_mov 8, 6;
    %load/vec4 v000001a95de131c0_0;
    %load/vec4 v000001a95dcb3100_0;
    %cmp/ne;
    %flag_or 6, 8;
T_0.2;
    %jmp/0xz  T_0.0, 6;
    %vpi_call/w 3 161 "$error", "FAIL: %0s | fetch=%0b expected_fetch=%0b hidden=%0b expected_hidden=%0b output=%0b expected_output=%0b lookup=%0b expected_lookup=%0b loss=%0b expected_loss=%0b counter=%0d expected_counter=%0d next=%032h expected_next=%032h validate=%032h expected_validate=%032h", v000001a95dcb2980_0, v000001a95de12f40_0, v000001a95dcb2ca0_0, v000001a95de13e40_0, v000001a95dcb2ac0_0, v000001a95de13120_0, v000001a95dcb28e0_0, v000001a95de13b20_0, v000001a95dcb31a0_0, v000001a95de13080_0, v000001a95dcb2840_0, v000001a95de13940_0, v000001a95dcb3060_0, v000001a95de136c0_0, v000001a95dcb2f20_0, v000001a95de131c0_0, v000001a95dcb3100_0 {0 0 0};
    %vpi_call/w 3 167 "$finish" {0 0 0};
    %jmp T_0.1;
T_0.0 ;
    %vpi_call/w 3 170 "$display", "PASS: %0s", v000001a95dcb2980_0 {0 0 0};
T_0.1 ;
    %end;
S_000001a95ddaa660 .scope module, "dut" "pipeline_manager" 3 32, 4 4 0, S_000001a95dcb5360;
 .timescale -9 -10;
    .port_info 0 /INPUT 1 "clk";
    .port_info 1 /INPUT 1 "resetN";
    .port_info 2 /INPUT 1 "start";
    .port_info 3 /INPUT 8 "N";
    .port_info 4 /INPUT 128 "mfu_features";
    .port_info 5 /INPUT 1 "mfu_updated";
    .port_info 6 /OUTPUT 1 "fetch";
    .port_info 7 /OUTPUT 1 "hidden_layer_enable";
    .port_info 8 /OUTPUT 1 "output_layer_enable";
    .port_info 9 /OUTPUT 1 "lookup_layer_enable";
    .port_info 10 /OUTPUT 1 "loss_layer_enable";
    .port_info 11 /OUTPUT 128 "next_vector";
    .port_info 12 /OUTPUT 128 "validate_vector";
    .port_info 13 /OUTPUT 7 "counter";
P_000001a95ddaa210 .param/l "COUNTER_WIDTH" 0 4 22, +C4<00000000000000000000000000000111>;
P_000001a95ddaa248 .param/l "EPOCH_WIDTH" 0 4 26, +C4<00000000000000000000000000000011>;
P_000001a95ddaa280 .param/l "FIFO_COUNT_W" 0 4 24, +C4<00000000000000000000000000000011>;
P_000001a95ddaa2b8 .param/l "FIFO_DEPTH" 0 4 23, +C4<00000000000000000000000000000100>;
P_000001a95ddaa2f0 .param/l "FIFO_PTR_W" 0 4 25, +C4<00000000000000000000000000000010>;
P_000001a95ddaa328 .param/l "VECTOR_WIDTH" 0 4 21, +C4<00000000000000000000000010000000>;
L_000001a95dd734d0 .functor BUFZ 128, v000001a95de11610_0, C4<00000000000000000000000000000000000000000000000000000000000000000000000000000000000000000000000000000000000000000000000000000000>, C4<00000000000000000000000000000000000000000000000000000000000000000000000000000000000000000000000000000000000000000000000000000000>, C4<00000000000000000000000000000000000000000000000000000000000000000000000000000000000000000000000000000000000000000000000000000000>;
L_000001a95dd73690 .functor BUFZ 128, v000001a95de116b0_0, C4<00000000000000000000000000000000000000000000000000000000000000000000000000000000000000000000000000000000000000000000000000000000>, C4<00000000000000000000000000000000000000000000000000000000000000000000000000000000000000000000000000000000000000000000000000000000>, C4<00000000000000000000000000000000000000000000000000000000000000000000000000000000000000000000000000000000000000000000000000000000>;
L_000001a95dd73a80 .functor OR 1, v000001a95de114d0_0, v000001a95de11390_0, C4<0>, C4<0>;
L_000001a95dd73cb0 .functor OR 1, L_000001a95dd73a80, v000001a95de11430_0, C4<0>, C4<0>;
L_000001a95dd73070 .functor OR 1, L_000001a95dd73cb0, v000001a95de112f0_0, C4<0>, C4<0>;
L_000001a95dd731c0 .functor AND 1, L_000001a95de13d00, L_000001a95de13ee0, C4<1>, C4<1>;
L_000001a95dd73d20 .functor AND 1, L_000001a95dd73070, L_000001a95de138a0, C4<1>, C4<1>;
L_000001a95dd73540 .functor AND 1, L_000001a95dd73d20, L_000001a95de13260, C4<1>, C4<1>;
L_000001a95dd73700 .functor OR 1, L_000001a95dd731c0, L_000001a95dd73540, C4<0>, C4<0>;
v000001a95dcb22a0_0 .net "N", 7 0, v000001a95de148e0_0;  1 drivers
v000001a95dcb2480_0 .net *"_ivl_10", 7 0, L_000001a95de13da0;  1 drivers
v000001a95dcb25c0_0 .net *"_ivl_12", 6 0, L_000001a95de14980;  1 drivers
L_000001a95de14f08 .functor BUFT 1, C4<0>, C4<0>, C4<0>, C4<0>;
v000001a95dcb2660_0 .net *"_ivl_14", 0 0, L_000001a95de14f08;  1 drivers
L_000001a95de14f50 .functor BUFT 1, C4<00000001>, C4<0>, C4<0>, C4<0>;
v000001a95dcb2b60_0 .net/2u *"_ivl_16", 7 0, L_000001a95de14f50;  1 drivers
v000001a95dcb2c00_0 .net *"_ivl_18", 7 0, L_000001a95de14520;  1 drivers
v000001a95de11070_0 .net *"_ivl_23", 0 0, L_000001a95de13d00;  1 drivers
v000001a95de12650_0 .net *"_ivl_24", 31 0, L_000001a95de14ca0;  1 drivers
L_000001a95de14f98 .functor BUFT 1, C4<00000000000000000000000000000>, C4<0>, C4<0>, C4<0>;
v000001a95de11110_0 .net *"_ivl_27", 28 0, L_000001a95de14f98;  1 drivers
L_000001a95de14fe0 .functor BUFT 1, C4<00000000000000000000000000000000>, C4<0>, C4<0>, C4<0>;
v000001a95de11cf0_0 .net/2u *"_ivl_28", 31 0, L_000001a95de14fe0;  1 drivers
v000001a95de10fd0_0 .net *"_ivl_30", 0 0, L_000001a95de13ee0;  1 drivers
v000001a95de11ed0_0 .net *"_ivl_34", 0 0, L_000001a95de138a0;  1 drivers
v000001a95de126f0_0 .net *"_ivl_38", 31 0, L_000001a95de139e0;  1 drivers
L_000001a95de15028 .functor BUFT 1, C4<00000000000000000000000000000>, C4<0>, C4<0>, C4<0>;
v000001a95de12470_0 .net *"_ivl_41", 28 0, L_000001a95de15028;  1 drivers
L_000001a95de15070 .functor BUFT 1, C4<00000000000000000000000000000000>, C4<0>, C4<0>, C4<0>;
v000001a95de11f70_0 .net/2u *"_ivl_42", 31 0, L_000001a95de15070;  1 drivers
v000001a95de11b10_0 .net *"_ivl_47", 0 0, L_000001a95dd73540;  1 drivers
v000001a95de11d90_0 .net *"_ivl_5", 0 0, L_000001a95dd73a80;  1 drivers
v000001a95de111b0_0 .net *"_ivl_7", 0 0, L_000001a95dd73cb0;  1 drivers
v000001a95de11570_0 .net "boundary_shift", 0 0, L_000001a95dd73d20;  1 drivers
v000001a95de12510_0 .net "clk", 0 0, v000001a95de14de0_0;  1 drivers
v000001a95de12790_0 .var "counter", 6 0;
v000001a95de11e30_0 .var "epoch_count", 2 0;
v000001a95de11250_0 .var "fetch", 0 0;
v000001a95de125b0_0 .var "fetch_inflight", 0 0;
v000001a95de120b0_0 .var "fifo_count", 2 0;
v000001a95de12830 .array "fifo_mem", 3 0, 127 0;
v000001a95de12010_0 .var "fifo_rd_ptr", 1 0;
v000001a95de128d0_0 .var "fifo_wr_ptr", 1 0;
v000001a95de114d0_0 .var "hidden_layer_enable", 0 0;
v000001a95de11610_0 .var "hidden_layer_vector", 127 0;
v000001a95de11930_0 .net "inject_next_stage", 0 0, L_000001a95de13260;  1 drivers
v000001a95de123d0_0 .net "last_pair_index", 6 0, L_000001a95de13800;  1 drivers
v000001a95de11430_0 .var "lookup_layer_enable", 0 0;
v000001a95de12970_0 .var "lookup_layer_vector", 127 0;
v000001a95de112f0_0 .var "loss_layer_enable", 0 0;
v000001a95de116b0_0 .var "loss_layer_vector", 127 0;
v000001a95de10f30_0 .net "mfu_features", 127 0, v000001a95de12290_0;  alias, 1 drivers
v000001a95de11750_0 .net "mfu_updated", 0 0, v000001a95de11a70_0;  alias, 1 drivers
v000001a95de12bf0_0 .net "next_vector", 127 0, L_000001a95dd734d0;  alias, 1 drivers
v000001a95de11390_0 .var "output_layer_enable", 0 0;
v000001a95de12a10_0 .var "output_layer_vector", 127 0;
v000001a95de12ab0_0 .net "pop_fifo", 0 0, L_000001a95dd73700;  1 drivers
v000001a95de117f0_0 .net "resetN", 0 0, v000001a95de13bc0_0;  1 drivers
v000001a95de12b50_0 .net "stage_active", 0 0, L_000001a95dd73070;  1 drivers
v000001a95de12c90_0 .net "start", 0 0, v000001a95de13760_0;  1 drivers
v000001a95de12d30_0 .net "start_epoch", 0 0, L_000001a95dd731c0;  1 drivers
v000001a95de12150_0 .net "validate_vector", 127 0, L_000001a95dd73690;  alias, 1 drivers
E_000001a95ddb24c0/0 .event negedge, v000001a95de117f0_0;
E_000001a95ddb24c0/1 .event posedge, v000001a95de12510_0;
E_000001a95ddb24c0 .event/or E_000001a95ddb24c0/0, E_000001a95ddb24c0/1;
L_000001a95de14980 .part v000001a95de148e0_0, 1, 7;
L_000001a95de13da0 .concat [ 7 1 0 0], L_000001a95de14980, L_000001a95de14f08;
L_000001a95de14520 .arith/sub 8, L_000001a95de13da0, L_000001a95de14f50;
L_000001a95de13800 .part L_000001a95de14520, 0, 7;
L_000001a95de13d00 .reduce/nor L_000001a95dd73070;
L_000001a95de14ca0 .concat [ 3 29 0 0], v000001a95de120b0_0, L_000001a95de14f98;
L_000001a95de13ee0 .cmp/ne 32, L_000001a95de14ca0, L_000001a95de14fe0;
L_000001a95de138a0 .cmp/eq 7, v000001a95de12790_0, L_000001a95de13800;
L_000001a95de139e0 .concat [ 3 29 0 0], v000001a95de120b0_0, L_000001a95de15028;
L_000001a95de13260 .cmp/ne 32, L_000001a95de139e0, L_000001a95de15070;
S_000001a95ddaa8e0 .scope module, "mfu" "mem_fetch_unit" 3 52, 5 4 0, S_000001a95dcb5360;
 .timescale -9 -10;
    .port_info 0 /INPUT 1 "clk";
    .port_info 1 /INPUT 1 "resetN";
    .port_info 2 /INPUT 1 "fetch";
    .port_info 3 /INPUT 1 "valid";
    .port_info 4 /INPUT 128 "mem_data";
    .port_info 5 /OUTPUT 1 "ready";
    .port_info 6 /OUTPUT 128 "features_out";
    .port_info 7 /OUTPUT 1 "updated";
P_000001a95dd6e730 .param/l "DATA_WIDTH" 0 5 15, +C4<00000000000000000000000010000000>;
P_000001a95dd6e768 .param/l "FEATURE_WIDTH" 0 5 16, +C4<00000000000000000000000010000000>;
P_000001a95dd6e7a0 .param/l "STATE_IDLE" 1 5 33, C4<0>;
P_000001a95dd6e7d8 .param/l "STATE_PENDING" 1 5 34, C4<1>;
v000001a95de121f0_0 .net "clk", 0 0, v000001a95de14de0_0;  alias, 1 drivers
v000001a95de12290_0 .var "features_out", 127 0;
v000001a95de12330_0 .net "fetch", 0 0, v000001a95de11250_0;  alias, 1 drivers
v000001a95de11890_0 .net "mem_data", 127 0, v000001a95de13c60_0;  1 drivers
v000001a95de11c50_0 .var "ready", 0 0;
v000001a95de119d0_0 .net "resetN", 0 0, v000001a95de13bc0_0;  alias, 1 drivers
v000001a95de12dd0_0 .var "state", 0 0;
v000001a95de11a70_0 .var "updated", 0 0;
v000001a95de11bb0_0 .net "valid", 0 0, v000001a95de133a0_0;  1 drivers
S_000001a95dd6e820 .scope task, "run_to_epoch_start" "run_to_epoch_start" 3 189, 3 189 0, S_000001a95dcb5360;
 .timescale -9 -10;
E_000001a95ddb3340 .event posedge, v000001a95de12510_0;
TD_pipeline_manager_tb.run_to_epoch_start ;
T_1.9 ;
    %load/vec4 v000001a95de13940_0;
    %cmpi/ne 0, 0, 7;
    %jmp/1 T_1.11, 6;
    %flag_mov 8, 6;
    %load/vec4 v000001a95de13e40_0;
    %cmpi/ne 1, 0, 1;
    %flag_or 6, 8;
T_1.11;
    %jmp/0xz T_1.10, 6;
    %wait E_000001a95ddb3340;
    %delay 20, 0;
    %jmp T_1.9;
T_1.10 ;
    %end;
S_000001a95dd6e9b0 .scope task, "send_vector" "send_vector" 3 175, 3 175 0, S_000001a95dcb5360;
 .timescale -9 -10;
v000001a95de12fe0_0 .var "vec", 127 0;
E_000001a95ddb3100 .event anyedge, v000001a95de11c50_0;
TD_pipeline_manager_tb.send_vector ;
T_2.12 ;
    %load/vec4 v000001a95de13300_0;
    %pushi/vec4 1, 0, 1;
    %cmp/e;
    %flag_get/vec4 6;
    %cmpi/ne 1, 0, 1;
    %jmp/0xz T_2.13, 6;
    %wait E_000001a95ddb3100;
    %jmp T_2.12;
T_2.13 ;
    %load/vec4 v000001a95de12fe0_0;
    %assign/vec4 v000001a95de13c60_0, 0;
    %pushi/vec4 1, 0, 1;
    %assign/vec4 v000001a95de133a0_0, 0;
    %wait E_000001a95ddb3340;
    %delay 20, 0;
    %pushi/vec4 0, 0, 1;
    %assign/vec4 v000001a95de133a0_0, 0;
    %pushi/vec4 0, 0, 128;
    %assign/vec4 v000001a95de13c60_0, 0;
    %end;
    .scope S_000001a95ddaa660;
T_3 ;
    %wait E_000001a95ddb24c0;
    %load/vec4 v000001a95de117f0_0;
    %nor/r;
    %flag_set/vec4 8;
    %jmp/0xz  T_3.0, 8;
    %pushi/vec4 0, 0, 1;
    %assign/vec4 v000001a95de11250_0, 10;
    %pushi/vec4 0, 0, 7;
    %assign/vec4 v000001a95de12790_0, 10;
    %pushi/vec4 0, 0, 128;
    %assign/vec4 v000001a95de11610_0, 10;
    %pushi/vec4 0, 0, 128;
    %assign/vec4 v000001a95de12a10_0, 10;
    %pushi/vec4 0, 0, 128;
    %assign/vec4 v000001a95de12970_0, 10;
    %pushi/vec4 0, 0, 128;
    %assign/vec4 v000001a95de116b0_0, 10;
    %pushi/vec4 0, 0, 1;
    %assign/vec4 v000001a95de114d0_0, 10;
    %pushi/vec4 0, 0, 1;
    %assign/vec4 v000001a95de11390_0, 10;
    %pushi/vec4 0, 0, 1;
    %assign/vec4 v000001a95de11430_0, 10;
    %pushi/vec4 0, 0, 1;
    %assign/vec4 v000001a95de112f0_0, 10;
    %pushi/vec4 0, 0, 3;
    %assign/vec4 v000001a95de11e30_0, 10;
    %pushi/vec4 0, 0, 2;
    %assign/vec4 v000001a95de128d0_0, 10;
    %pushi/vec4 0, 0, 2;
    %assign/vec4 v000001a95de12010_0, 10;
    %pushi/vec4 0, 0, 3;
    %assign/vec4 v000001a95de120b0_0, 10;
    %pushi/vec4 0, 0, 1;
    %assign/vec4 v000001a95de125b0_0, 10;
    %jmp T_3.1;
T_3.0 ;
    %load/vec4 v000001a95de12c90_0;
    %nor/r;
    %flag_set/vec4 8;
    %jmp/0xz  T_3.2, 8;
    %pushi/vec4 0, 0, 1;
    %assign/vec4 v000001a95de11250_0, 10;
    %pushi/vec4 0, 0, 7;
    %assign/vec4 v000001a95de12790_0, 10;
    %pushi/vec4 0, 0, 128;
    %assign/vec4 v000001a95de11610_0, 10;
    %pushi/vec4 0, 0, 128;
    %assign/vec4 v000001a95de12a10_0, 10;
    %pushi/vec4 0, 0, 128;
    %assign/vec4 v000001a95de12970_0, 10;
    %pushi/vec4 0, 0, 128;
    %assign/vec4 v000001a95de116b0_0, 10;
    %pushi/vec4 0, 0, 1;
    %assign/vec4 v000001a95de114d0_0, 10;
    %pushi/vec4 0, 0, 1;
    %assign/vec4 v000001a95de11390_0, 10;
    %pushi/vec4 0, 0, 1;
    %assign/vec4 v000001a95de11430_0, 10;
    %pushi/vec4 0, 0, 1;
    %assign/vec4 v000001a95de112f0_0, 10;
    %pushi/vec4 0, 0, 3;
    %assign/vec4 v000001a95de11e30_0, 10;
    %pushi/vec4 0, 0, 2;
    %assign/vec4 v000001a95de128d0_0, 10;
    %pushi/vec4 0, 0, 2;
    %assign/vec4 v000001a95de12010_0, 10;
    %pushi/vec4 0, 0, 3;
    %assign/vec4 v000001a95de120b0_0, 10;
    %pushi/vec4 0, 0, 1;
    %assign/vec4 v000001a95de125b0_0, 10;
    %jmp T_3.3;
T_3.2 ;
    %pushi/vec4 0, 0, 1;
    %assign/vec4 v000001a95de11250_0, 10;
    %load/vec4 v000001a95de11750_0;
    %flag_set/vec4 8;
    %jmp/0xz  T_3.4, 8;
    %load/vec4 v000001a95de10f30_0;
    %load/vec4 v000001a95de128d0_0;
    %pad/u 4;
    %ix/vec4 3;
    %ix/load 4, 10, 0; Constant delay
    %assign/vec4/a/d v000001a95de12830, 0, 4;
    %load/vec4 v000001a95de128d0_0;
    %addi 1, 0, 2;
    %assign/vec4 v000001a95de128d0_0, 10;
    %pushi/vec4 0, 0, 1;
    %assign/vec4 v000001a95de125b0_0, 10;
T_3.4 ;
    %load/vec4 v000001a95de12d30_0;
    %flag_set/vec4 8;
    %jmp/0xz  T_3.6, 8;
    %load/vec4 v000001a95de12010_0;
    %pad/u 4;
    %ix/vec4 4;
    %load/vec4a v000001a95de12830, 4;
    %assign/vec4 v000001a95de11610_0, 10;
    %pushi/vec4 0, 0, 128;
    %assign/vec4 v000001a95de12a10_0, 10;
    %pushi/vec4 0, 0, 128;
    %assign/vec4 v000001a95de12970_0, 10;
    %pushi/vec4 0, 0, 128;
    %assign/vec4 v000001a95de116b0_0, 10;
    %pushi/vec4 1, 0, 1;
    %assign/vec4 v000001a95de114d0_0, 10;
    %pushi/vec4 0, 0, 1;
    %assign/vec4 v000001a95de11390_0, 10;
    %pushi/vec4 0, 0, 1;
    %assign/vec4 v000001a95de11430_0, 10;
    %pushi/vec4 0, 0, 1;
    %assign/vec4 v000001a95de112f0_0, 10;
    %pushi/vec4 0, 0, 7;
    %assign/vec4 v000001a95de12790_0, 10;
    %pushi/vec4 1, 0, 3;
    %assign/vec4 v000001a95de11e30_0, 10;
    %jmp T_3.7;
T_3.6 ;
    %load/vec4 v000001a95de11570_0;
    %flag_set/vec4 8;
    %jmp/0xz  T_3.8, 8;
    %load/vec4 v000001a95de12970_0;
    %assign/vec4 v000001a95de116b0_0, 10;
    %load/vec4 v000001a95de12a10_0;
    %assign/vec4 v000001a95de12970_0, 10;
    %load/vec4 v000001a95de11610_0;
    %assign/vec4 v000001a95de12a10_0, 10;
    %load/vec4 v000001a95de11930_0;
    %flag_set/vec4 8;
    %jmp/0 T_3.10, 8;
    %load/vec4 v000001a95de12010_0;
    %pad/u 4;
    %ix/vec4 4;
    %load/vec4a v000001a95de12830, 4;
    %jmp/1 T_3.11, 8;
T_3.10 ; End of true expr.
    %pushi/vec4 0, 0, 128;
    %jmp/0 T_3.11, 8;
 ; End of false expr.
    %blend;
T_3.11;
    %assign/vec4 v000001a95de11610_0, 10;
    %load/vec4 v000001a95de11e30_0;
    %pad/u 32;
    %cmpi/u 3, 0, 32;
    %flag_inv 5; GE is !LT
    %flag_mov 8, 5;
    %jmp/0 T_3.12, 8;
    %load/vec4 v000001a95de11430_0;
    %jmp/1 T_3.13, 8;
T_3.12 ; End of true expr.
    %pushi/vec4 0, 0, 1;
    %jmp/0 T_3.13, 8;
 ; End of false expr.
    %blend;
T_3.13;
    %assign/vec4 v000001a95de112f0_0, 10;
    %load/vec4 v000001a95de11e30_0;
    %pad/u 32;
    %cmpi/u 2, 0, 32;
    %flag_inv 5; GE is !LT
    %flag_mov 8, 5;
    %jmp/0 T_3.14, 8;
    %load/vec4 v000001a95de11390_0;
    %jmp/1 T_3.15, 8;
T_3.14 ; End of true expr.
    %pushi/vec4 0, 0, 1;
    %jmp/0 T_3.15, 8;
 ; End of false expr.
    %blend;
T_3.15;
    %assign/vec4 v000001a95de11430_0, 10;
    %load/vec4 v000001a95de11e30_0;
    %pad/u 32;
    %cmpi/u 1, 0, 32;
    %flag_inv 5; GE is !LT
    %flag_mov 8, 5;
    %jmp/0 T_3.16, 8;
    %load/vec4 v000001a95de114d0_0;
    %jmp/1 T_3.17, 8;
T_3.16 ; End of true expr.
    %pushi/vec4 0, 0, 1;
    %jmp/0 T_3.17, 8;
 ; End of false expr.
    %blend;
T_3.17;
    %assign/vec4 v000001a95de11390_0, 10;
    %load/vec4 v000001a95de11930_0;
    %assign/vec4 v000001a95de114d0_0, 10;
    %pushi/vec4 0, 0, 7;
    %assign/vec4 v000001a95de12790_0, 10;
    %load/vec4 v000001a95de11e30_0;
    %pad/u 32;
    %cmpi/u 7, 0, 32;
    %jmp/0xz  T_3.18, 5;
    %load/vec4 v000001a95de11e30_0;
    %addi 1, 0, 3;
    %assign/vec4 v000001a95de11e30_0, 10;
T_3.18 ;
    %jmp T_3.9;
T_3.8 ;
    %load/vec4 v000001a95de12b50_0;
    %flag_set/vec4 8;
    %jmp/0xz  T_3.20, 8;
    %load/vec4 v000001a95de12790_0;
    %addi 1, 0, 7;
    %assign/vec4 v000001a95de12790_0, 10;
    %jmp T_3.21;
T_3.20 ;
    %pushi/vec4 0, 0, 7;
    %assign/vec4 v000001a95de12790_0, 10;
T_3.21 ;
T_3.9 ;
T_3.7 ;
    %load/vec4 v000001a95de12ab0_0;
    %flag_set/vec4 9;
    %flag_get/vec4 9;
    %jmp/0 T_3.24, 9;
    %load/vec4 v000001a95de11750_0;
    %and;
T_3.24;
    %flag_set/vec4 8;
    %jmp/0xz  T_3.22, 8;
    %load/vec4 v000001a95de12010_0;
    %addi 1, 0, 2;
    %assign/vec4 v000001a95de12010_0, 10;
    %load/vec4 v000001a95de120b0_0;
    %assign/vec4 v000001a95de120b0_0, 10;
    %jmp T_3.23;
T_3.22 ;
    %load/vec4 v000001a95de12ab0_0;
    %flag_set/vec4 8;
    %jmp/0xz  T_3.25, 8;
    %load/vec4 v000001a95de12010_0;
    %addi 1, 0, 2;
    %assign/vec4 v000001a95de12010_0, 10;
    %load/vec4 v000001a95de120b0_0;
    %subi 1, 0, 3;
    %assign/vec4 v000001a95de120b0_0, 10;
    %jmp T_3.26;
T_3.25 ;
    %load/vec4 v000001a95de11750_0;
    %flag_set/vec4 8;
    %jmp/0xz  T_3.27, 8;
    %load/vec4 v000001a95de120b0_0;
    %addi 1, 0, 3;
    %assign/vec4 v000001a95de120b0_0, 10;
T_3.27 ;
T_3.26 ;
T_3.23 ;
    %load/vec4 v000001a95de125b0_0;
    %nor/r;
    %flag_set/vec4 9;
    %flag_get/vec4 9;
    %jmp/0 T_3.31, 9;
    %load/vec4 v000001a95de120b0_0;
    %pad/u 32;
    %cmpi/u 4, 0, 32;
    %flag_get/vec4 5;
    %and;
T_3.31;
    %flag_set/vec4 8;
    %jmp/0xz  T_3.29, 8;
    %pushi/vec4 1, 0, 1;
    %assign/vec4 v000001a95de11250_0, 10;
    %pushi/vec4 1, 0, 1;
    %assign/vec4 v000001a95de125b0_0, 10;
T_3.29 ;
T_3.3 ;
T_3.1 ;
    %jmp T_3;
    .thread T_3;
    .scope S_000001a95ddaa8e0;
T_4 ;
    %wait E_000001a95ddb24c0;
    %load/vec4 v000001a95de119d0_0;
    %nor/r;
    %flag_set/vec4 8;
    %jmp/0xz  T_4.0, 8;
    %pushi/vec4 0, 0, 1;
    %assign/vec4 v000001a95de12dd0_0, 10;
    %pushi/vec4 0, 0, 1;
    %assign/vec4 v000001a95de11c50_0, 10;
    %pushi/vec4 0, 0, 128;
    %assign/vec4 v000001a95de12290_0, 10;
    %pushi/vec4 0, 0, 1;
    %assign/vec4 v000001a95de11a70_0, 10;
    %jmp T_4.1;
T_4.0 ;
    %load/vec4 v000001a95de12dd0_0;
    %dup/vec4;
    %pushi/vec4 0, 0, 1;
    %cmp/u;
    %jmp/1 T_4.2, 6;
    %dup/vec4;
    %pushi/vec4 1, 0, 1;
    %cmp/u;
    %jmp/1 T_4.3, 6;
    %pushi/vec4 0, 0, 1;
    %assign/vec4 v000001a95de12dd0_0, 10;
    %pushi/vec4 0, 0, 1;
    %assign/vec4 v000001a95de11c50_0, 10;
    %pushi/vec4 0, 0, 1;
    %assign/vec4 v000001a95de11a70_0, 10;
    %jmp T_4.5;
T_4.2 ;
    %pushi/vec4 0, 0, 1;
    %assign/vec4 v000001a95de11c50_0, 10;
    %pushi/vec4 0, 0, 1;
    %assign/vec4 v000001a95de11a70_0, 10;
    %load/vec4 v000001a95de12330_0;
    %flag_set/vec4 8;
    %jmp/0xz  T_4.6, 8;
    %pushi/vec4 1, 0, 1;
    %assign/vec4 v000001a95de12dd0_0, 10;
    %pushi/vec4 1, 0, 1;
    %assign/vec4 v000001a95de11c50_0, 10;
T_4.6 ;
    %jmp T_4.5;
T_4.3 ;
    %pushi/vec4 1, 0, 1;
    %assign/vec4 v000001a95de11c50_0, 10;
    %pushi/vec4 0, 0, 1;
    %assign/vec4 v000001a95de11a70_0, 10;
    %load/vec4 v000001a95de11bb0_0;
    %flag_set/vec4 8;
    %jmp/0xz  T_4.8, 8;
    %load/vec4 v000001a95de11890_0;
    %assign/vec4 v000001a95de12290_0, 10;
    %pushi/vec4 0, 0, 1;
    %assign/vec4 v000001a95de12dd0_0, 10;
    %pushi/vec4 0, 0, 1;
    %assign/vec4 v000001a95de11c50_0, 10;
    %pushi/vec4 1, 0, 1;
    %assign/vec4 v000001a95de11a70_0, 10;
T_4.8 ;
    %jmp T_4.5;
T_4.5 ;
    %pop/vec4 1;
T_4.1 ;
    %jmp T_4;
    .thread T_4;
    .scope S_000001a95dcb5360;
T_5 ;
    %delay 25, 0;
    %load/vec4 v000001a95de14de0_0;
    %inv;
    %store/vec4 v000001a95de14de0_0, 0, 1;
    %jmp T_5;
    .thread T_5;
    .scope S_000001a95dcb5360;
T_6 ;
    %vpi_call/w 3 66 "$dumpfile", "pipeline_manager_tb.vcd" {0 0 0};
    %vpi_call/w 3 67 "$dumpvars", 32'sb00000000000000000000000000000000, S_000001a95dcb5360 {0 0 0};
    %pushi/vec4 0, 0, 1;
    %store/vec4 v000001a95de14de0_0, 0, 1;
    %pushi/vec4 0, 0, 1;
    %store/vec4 v000001a95de13bc0_0, 0, 1;
    %pushi/vec4 0, 0, 1;
    %store/vec4 v000001a95de13760_0, 0, 1;
    %pushi/vec4 8, 0, 8;
    %store/vec4 v000001a95de148e0_0, 0, 8;
    %pushi/vec4 0, 0, 1;
    %store/vec4 v000001a95de133a0_0, 0, 1;
    %pushi/vec4 0, 0, 128;
    %store/vec4 v000001a95de13c60_0, 0, 128;
    %delay 20, 0;
    %pushi/vec4 0, 0, 1;
    %store/vec4 v000001a95dcb2ca0_0, 0, 1;
    %pushi/vec4 0, 0, 1;
    %store/vec4 v000001a95dcb2ac0_0, 0, 1;
    %pushi/vec4 0, 0, 1;
    %store/vec4 v000001a95dcb28e0_0, 0, 1;
    %pushi/vec4 0, 0, 1;
    %store/vec4 v000001a95dcb31a0_0, 0, 1;
    %pushi/vec4 0, 0, 1;
    %store/vec4 v000001a95dcb2840_0, 0, 1;
    %pushi/vec4 0, 0, 7;
    %store/vec4 v000001a95dcb3060_0, 0, 7;
    %pushi/vec4 0, 0, 128;
    %store/vec4 v000001a95dcb2f20_0, 0, 128;
    %pushi/vec4 0, 0, 128;
    %store/vec4 v000001a95dcb3100_0, 0, 128;
    %pushi/vec4 0, 0, 32; draw_string_vec4
    %pushi/vec4 0, 0, 32; draw_string_vec4
    %concat/vec4; draw_string_vec4
    %pushi/vec4 0, 0, 32; draw_string_vec4
    %concat/vec4; draw_string_vec4
    %pushi/vec4 1919251301, 0, 32; draw_string_vec4
    %concat/vec4; draw_string_vec4
    %pushi/vec4 1948279660, 0, 32; draw_string_vec4
    %concat/vec4; draw_string_vec4
    %pushi/vec4 1700885107, 0, 32; draw_string_vec4
    %concat/vec4; draw_string_vec4
    %pushi/vec4 544175476, 0, 32; draw_string_vec4
    %concat/vec4; draw_string_vec4
    %pushi/vec4 1886745715, 0, 32; draw_string_vec4
    %concat/vec4; draw_string_vec4
    %store/vec4 v000001a95dcb2980_0, 0, 256;
    %fork TD_pipeline_manager_tb.check_outputs, S_000001a95ddaa080;
    %join;
    %pushi/vec4 1, 0, 1;
    %assign/vec4 v000001a95de13bc0_0, 0;
    %wait E_000001a95ddb3340;
    %delay 20, 0;
    %load/vec4 v000001a95de12f40_0;
    %store/vec4 v000001a95dcb2ca0_0, 0, 1;
    %pushi/vec4 0, 0, 1;
    %store/vec4 v000001a95dcb2ac0_0, 0, 1;
    %pushi/vec4 0, 0, 1;
    %store/vec4 v000001a95dcb28e0_0, 0, 1;
    %pushi/vec4 0, 0, 1;
    %store/vec4 v000001a95dcb31a0_0, 0, 1;
    %pushi/vec4 0, 0, 1;
    %store/vec4 v000001a95dcb2840_0, 0, 1;
    %pushi/vec4 0, 0, 7;
    %store/vec4 v000001a95dcb3060_0, 0, 7;
    %pushi/vec4 0, 0, 128;
    %store/vec4 v000001a95dcb2f20_0, 0, 128;
    %pushi/vec4 0, 0, 128;
    %store/vec4 v000001a95dcb3100_0, 0, 128;
    %pushi/vec4 0, 0, 32; draw_string_vec4
    %pushi/vec4 0, 0, 32; draw_string_vec4
    %concat/vec4; draw_string_vec4
    %pushi/vec4 0, 0, 32; draw_string_vec4
    %concat/vec4; draw_string_vec4
    %pushi/vec4 105, 0, 32; draw_string_vec4
    %concat/vec4; draw_string_vec4
    %pushi/vec4 1684825376, 0, 32; draw_string_vec4
    %concat/vec4; draw_string_vec4
    %pushi/vec4 1650812527, 0, 32; draw_string_vec4
    %concat/vec4; draw_string_vec4
    %pushi/vec4 1919230067, 0, 32; draw_string_vec4
    %concat/vec4; draw_string_vec4
    %pushi/vec4 1952543348, 0, 32; draw_string_vec4
    %concat/vec4; draw_string_vec4
    %store/vec4 v000001a95dcb2980_0, 0, 256;
    %fork TD_pipeline_manager_tb.check_outputs, S_000001a95ddaa080;
    %join;
    %pushi/vec4 1, 0, 1;
    %assign/vec4 v000001a95de13760_0, 0;
T_6.0 ;
    %load/vec4 v000001a95de12f40_0;
    %pushi/vec4 1, 0, 1;
    %cmp/e;
    %flag_get/vec4 6;
    %cmpi/ne 1, 0, 1;
    %jmp/0xz T_6.1, 6;
    %wait E_000001a95ddb2400;
    %jmp T_6.0;
T_6.1 ;
    %pushi/vec4 2290684177, 0, 35;
    %concati/vec4 2577015330, 0, 32;
    %concati/vec4 2863346483, 0, 32;
    %concati/vec4 393709704, 0, 29;
    %store/vec4 v000001a95de12fe0_0, 0, 128;
    %fork TD_pipeline_manager_tb.send_vector, S_000001a95dd6e9b0;
    %join;
T_6.2 ;
    %load/vec4 v000001a95de13e40_0;
    %pushi/vec4 1, 0, 1;
    %cmp/e;
    %flag_get/vec4 6;
    %cmpi/ne 1, 0, 1;
    %jmp/0xz T_6.3, 6;
    %wait E_000001a95ddb28c0;
    %jmp T_6.2;
T_6.3 ;
    %wait E_000001a95ddb3340;
    %delay 20, 0;
    %load/vec4 v000001a95de12f40_0;
    %store/vec4 v000001a95dcb2ca0_0, 0, 1;
    %pushi/vec4 1, 0, 1;
    %store/vec4 v000001a95dcb2ac0_0, 0, 1;
    %pushi/vec4 0, 0, 1;
    %store/vec4 v000001a95dcb28e0_0, 0, 1;
    %pushi/vec4 0, 0, 1;
    %store/vec4 v000001a95dcb31a0_0, 0, 1;
    %pushi/vec4 0, 0, 1;
    %store/vec4 v000001a95dcb2840_0, 0, 1;
    %load/vec4 v000001a95de13940_0;
    %store/vec4 v000001a95dcb3060_0, 0, 7;
    %pushi/vec4 2290684177, 0, 35;
    %concati/vec4 2577015330, 0, 32;
    %concati/vec4 2863346483, 0, 32;
    %concati/vec4 393709704, 0, 29;
    %store/vec4 v000001a95dcb2f20_0, 0, 128;
    %pushi/vec4 0, 0, 128;
    %store/vec4 v000001a95dcb3100_0, 0, 128;
    %pushi/vec4 3335536870, 0, 33;
    %concati/vec4 3905086696, 0, 32;
    %concati/vec4 3863015122, 0, 32;
    %concati/vec4 3905962192, 0, 32;
    %concati/vec4 3536373962, 0, 32;
    %concati/vec4 3695240936, 0, 32;
    %concati/vec4 3268332096, 0, 32;
    %concati/vec4 1869507705, 0, 31;
    %store/vec4 v000001a95dcb2980_0, 0, 256;
    %fork TD_pipeline_manager_tb.check_outputs, S_000001a95ddaa080;
    %join;
    %pushi/vec4 2576984746, 0, 32;
    %concati/vec4 3149647052, 0, 32;
    %concati/vec4 3722309358, 0, 32;
    %concati/vec4 4294901760, 0, 32;
    %store/vec4 v000001a95de12fe0_0, 0, 128;
    %fork TD_pipeline_manager_tb.send_vector, S_000001a95dd6e9b0;
    %join;
    %fork TD_pipeline_manager_tb.run_to_epoch_start, S_000001a95dd6e820;
    %join;
    %load/vec4 v000001a95de12f40_0;
    %store/vec4 v000001a95dcb2ca0_0, 0, 1;
    %pushi/vec4 1, 0, 1;
    %store/vec4 v000001a95dcb2ac0_0, 0, 1;
    %pushi/vec4 1, 0, 1;
    %store/vec4 v000001a95dcb28e0_0, 0, 1;
    %pushi/vec4 0, 0, 1;
    %store/vec4 v000001a95dcb31a0_0, 0, 1;
    %pushi/vec4 0, 0, 1;
    %store/vec4 v000001a95dcb2840_0, 0, 1;
    %pushi/vec4 0, 0, 7;
    %store/vec4 v000001a95dcb3060_0, 0, 7;
    %pushi/vec4 2576984746, 0, 32;
    %concati/vec4 3149647052, 0, 32;
    %concati/vec4 3722309358, 0, 32;
    %concati/vec4 4294901760, 0, 32;
    %store/vec4 v000001a95dcb2f20_0, 0, 128;
    %pushi/vec4 0, 0, 128;
    %store/vec4 v000001a95dcb3100_0, 0, 128;
    %pushi/vec4 3402030812, 0, 33;
    %concati/vec4 3359689440, 0, 32;
    %concati/vec4 3737571392, 0, 32;
    %concati/vec4 3403465412, 0, 32;
    %concati/vec4 3637175872, 0, 32;
    %concati/vec4 3739936992, 0, 32;
    %concati/vec4 3941089510, 0, 32;
    %concati/vec4 1952540517, 0, 31;
    %store/vec4 v000001a95dcb2980_0, 0, 256;
    %fork TD_pipeline_manager_tb.check_outputs, S_000001a95ddaa080;
    %join;
    %pushi/vec4 2443359172, 0, 39;
    %concati/vec4 3588683775, 0, 32;
    %concati/vec4 3703216246, 0, 33;
    %concati/vec4 5517840, 0, 24;
    %store/vec4 v000001a95de12fe0_0, 0, 128;
    %fork TD_pipeline_manager_tb.send_vector, S_000001a95dd6e9b0;
    %join;
    %fork TD_pipeline_manager_tb.run_to_epoch_start, S_000001a95dd6e820;
    %join;
    %load/vec4 v000001a95de12f40_0;
    %store/vec4 v000001a95dcb2ca0_0, 0, 1;
    %pushi/vec4 1, 0, 1;
    %store/vec4 v000001a95dcb2ac0_0, 0, 1;
    %pushi/vec4 1, 0, 1;
    %store/vec4 v000001a95dcb28e0_0, 0, 1;
    %pushi/vec4 1, 0, 1;
    %store/vec4 v000001a95dcb31a0_0, 0, 1;
    %pushi/vec4 0, 0, 1;
    %store/vec4 v000001a95dcb2840_0, 0, 1;
    %pushi/vec4 0, 0, 7;
    %store/vec4 v000001a95dcb3060_0, 0, 7;
    %pushi/vec4 2443359172, 0, 39;
    %concati/vec4 3588683775, 0, 32;
    %concati/vec4 3703216246, 0, 33;
    %concati/vec4 5517840, 0, 24;
    %store/vec4 v000001a95dcb2f20_0, 0, 128;
    %pushi/vec4 0, 0, 128;
    %store/vec4 v000001a95dcb3100_0, 0, 128;
    %pushi/vec4 1952999794, 0, 32; draw_string_vec4
    %pushi/vec4 1679844720, 0, 32; draw_string_vec4
    %concat/vec4; draw_string_vec4
    %pushi/vec4 1868785696, 0, 32; draw_string_vec4
    %concat/vec4; draw_string_vec4
    %pushi/vec4 1701732706, 0, 32; draw_string_vec4
    %concat/vec4; draw_string_vec4
    %pushi/vec4 1818587936, 0, 32; draw_string_vec4
    %concat/vec4; draw_string_vec4
    %pushi/vec4 1819242347, 0, 32; draw_string_vec4
    %concat/vec4; draw_string_vec4
    %pushi/vec4 1970282611, 0, 32; draw_string_vec4
    %concat/vec4; draw_string_vec4
    %pushi/vec4 1952540517, 0, 32; draw_string_vec4
    %concat/vec4; draw_string_vec4
    %store/vec4 v000001a95dcb2980_0, 0, 256;
    %fork TD_pipeline_manager_tb.check_outputs, S_000001a95ddaa080;
    %join;
    %pushi/vec4 2596069113, 0, 35;
    %concati/vec4 2367003650, 0, 34;
    %concati/vec4 3588683721, 0, 33;
    %concati/vec4 6860000, 0, 26;
    %store/vec4 v000001a95de12fe0_0, 0, 128;
    %fork TD_pipeline_manager_tb.send_vector, S_000001a95dd6e9b0;
    %join;
    %fork TD_pipeline_manager_tb.run_to_epoch_start, S_000001a95dd6e820;
    %join;
    %load/vec4 v000001a95de12f40_0;
    %store/vec4 v000001a95dcb2ca0_0, 0, 1;
    %pushi/vec4 1, 0, 1;
    %store/vec4 v000001a95dcb2ac0_0, 0, 1;
    %pushi/vec4 1, 0, 1;
    %store/vec4 v000001a95dcb28e0_0, 0, 1;
    %pushi/vec4 1, 0, 1;
    %store/vec4 v000001a95dcb31a0_0, 0, 1;
    %pushi/vec4 1, 0, 1;
    %store/vec4 v000001a95dcb2840_0, 0, 1;
    %pushi/vec4 0, 0, 7;
    %store/vec4 v000001a95dcb3060_0, 0, 7;
    %pushi/vec4 2596069113, 0, 35;
    %concati/vec4 2367003650, 0, 34;
    %concati/vec4 3588683721, 0, 33;
    %concati/vec4 6860000, 0, 26;
    %store/vec4 v000001a95dcb2f20_0, 0, 128;
    %pushi/vec4 2290684177, 0, 35;
    %concati/vec4 2577015330, 0, 32;
    %concati/vec4 2863346483, 0, 32;
    %concati/vec4 393709704, 0, 29;
    %store/vec4 v000001a95dcb3100_0, 0, 128;
    %pushi/vec4 3874013902, 0, 33;
    %concati/vec4 3393241820, 0, 32;
    %concati/vec4 3359687384, 0, 32;
    %concati/vec4 3536772326, 0, 32;
    %concati/vec4 2178516401, 0, 33;
    %concati/vec4 2777777617, 0, 32;
    %concati/vec4 2491537813, 0, 32;
    %concati/vec4 594833266, 0, 30;
    %store/vec4 v000001a95dcb2980_0, 0, 256;
    %fork TD_pipeline_manager_tb.check_outputs, S_000001a95ddaa080;
    %join;
    %pushi/vec4 3405691582, 0, 32;
    %concati/vec4 2443359172, 0, 39;
    %concati/vec4 3588683768, 0, 32;
    %concati/vec4 15790320, 0, 25;
    %store/vec4 v000001a95de12fe0_0, 0, 128;
    %fork TD_pipeline_manager_tb.send_vector, S_000001a95dd6e9b0;
    %join;
    %fork TD_pipeline_manager_tb.run_to_epoch_start, S_000001a95dd6e820;
    %join;
    %load/vec4 v000001a95de12f40_0;
    %store/vec4 v000001a95dcb2ca0_0, 0, 1;
    %pushi/vec4 1, 0, 1;
    %store/vec4 v000001a95dcb2ac0_0, 0, 1;
    %pushi/vec4 1, 0, 1;
    %store/vec4 v000001a95dcb28e0_0, 0, 1;
    %pushi/vec4 1, 0, 1;
    %store/vec4 v000001a95dcb31a0_0, 0, 1;
    %pushi/vec4 1, 0, 1;
    %store/vec4 v000001a95dcb2840_0, 0, 1;
    %pushi/vec4 0, 0, 7;
    %store/vec4 v000001a95dcb3060_0, 0, 7;
    %pushi/vec4 3405691582, 0, 32;
    %concati/vec4 2443359172, 0, 39;
    %concati/vec4 3588683768, 0, 32;
    %concati/vec4 15790320, 0, 25;
    %store/vec4 v000001a95dcb2f20_0, 0, 128;
    %pushi/vec4 2576984746, 0, 32;
    %concati/vec4 3149647052, 0, 32;
    %concati/vec4 3722309358, 0, 32;
    %concati/vec4 4294901760, 0, 32;
    %store/vec4 v000001a95dcb3100_0, 0, 128;
    %pushi/vec4 3704242390, 0, 33;
    %concati/vec4 3402293478, 0, 32;
    %concati/vec4 2173022640, 0, 33;
    %concati/vec4 2174336469, 0, 32;
    %concati/vec4 3363950033, 0, 32;
    %concati/vec4 2241697228, 0, 32;
    %concati/vec4 2174073221, 0, 32;
    %concati/vec4 577529188, 0, 30;
    %store/vec4 v000001a95dcb2980_0, 0, 256;
    %fork TD_pipeline_manager_tb.check_outputs, S_000001a95ddaa080;
    %join;
    %pushi/vec4 0, 0, 1;
    %assign/vec4 v000001a95de13760_0, 0;
    %wait E_000001a95ddb3340;
    %delay 20, 0;
    %pushi/vec4 0, 0, 1;
    %store/vec4 v000001a95dcb2ca0_0, 0, 1;
    %pushi/vec4 0, 0, 1;
    %store/vec4 v000001a95dcb2ac0_0, 0, 1;
    %pushi/vec4 0, 0, 1;
    %store/vec4 v000001a95dcb28e0_0, 0, 1;
    %pushi/vec4 0, 0, 1;
    %store/vec4 v000001a95dcb31a0_0, 0, 1;
    %pushi/vec4 0, 0, 1;
    %store/vec4 v000001a95dcb2840_0, 0, 1;
    %pushi/vec4 0, 0, 7;
    %store/vec4 v000001a95dcb3060_0, 0, 7;
    %pushi/vec4 0, 0, 128;
    %store/vec4 v000001a95dcb2f20_0, 0, 128;
    %pushi/vec4 0, 0, 128;
    %store/vec4 v000001a95dcb3100_0, 0, 128;
    %pushi/vec4 1937006962, 0, 32; draw_string_vec4
    %pushi/vec4 1948281967, 0, 32; draw_string_vec4
    %concat/vec4; draw_string_vec4
    %pushi/vec4 1998615141, 0, 32; draw_string_vec4
    %concat/vec4; draw_string_vec4
    %pushi/vec4 1953854062, 0, 32; draw_string_vec4
    %concat/vec4; draw_string_vec4
    %pushi/vec4 1931505007, 0, 32; draw_string_vec4
    %concat/vec4; draw_string_vec4
    %pushi/vec4 1685417061, 0, 32; draw_string_vec4
    %concat/vec4; draw_string_vec4
    %pushi/vec4 544501536, 0, 32; draw_string_vec4
    %concat/vec4; draw_string_vec4
    %pushi/vec4 1768189029, 0, 32; draw_string_vec4
    %concat/vec4; draw_string_vec4
    %store/vec4 v000001a95dcb2980_0, 0, 256;
    %fork TD_pipeline_manager_tb.check_outputs, S_000001a95ddaa080;
    %join;
    %vpi_call/w 3 137 "$display", "PIPELINE_MANAGER TB PASSED" {0 0 0};
    %vpi_call/w 3 138 "$finish" {0 0 0};
    %end;
    .thread T_6;
# The file index is used to find the file name in the following table.
:file_names 6;
    "N/A";
    "<interactive>";
    "-";
    "E:\Git-Repos\ANIDS-VLSI-PROJECT\ANIDS\tb\integration\pipeline_manager_tb.sv";
    "E:\Git-Repos\ANIDS-VLSI-PROJECT\ANIDS\src\core\pipeline_manager.sv";
    "E:\Git-Repos\ANIDS-VLSI-PROJECT\ANIDS\src\mem_fetch_unit.sv";
