#! /c/Source/iverilog-install/bin/vvp
:ivl_version "12.0 (devel)" "(s20150603-1539-g2693dd32b)";
:ivl_delay_selection "TYPICAL";
:vpi_time_precision - 10;
:vpi_module "C:\iverilog\lib\ivl\system.vpi";
:vpi_module "C:\iverilog\lib\ivl\vhdl_sys.vpi";
:vpi_module "C:\iverilog\lib\ivl\vhdl_textio.vpi";
:vpi_module "C:\iverilog\lib\ivl\v2005_math.vpi";
:vpi_module "C:\iverilog\lib\ivl\va_math.vpi";
:vpi_module "C:\iverilog\lib\ivl\v2009.vpi";
S_000001f8fbd65940 .scope package, "$unit" "$unit" 2 1;
 .timescale 0 0;
S_000001f8fbd64a10 .scope module, "relu_unit_tb" "relu_unit_tb" 3 6;
 .timescale -9 -10;
P_000001f8fbd47390 .param/l "DATA_WIDTH" 1 3 8, +C4<00000000000000000000000000001000>;
v000001f8fbd38000_0 .var/s "in_data", 7 0;
v000001f8fbd380a0_0 .net "out_data", 7 0, v000001f8fbd3c6c0_0;  1 drivers
v000001f8fbd38140_0 .var "ready", 0 0;
v000001f8fbc94660_0 .var "resetN", 0 0;
S_000001f8fb96bc60 .scope task, "check_output" "check_output" 3 48, 3 48 0, S_000001f8fbd64a10;
 .timescale -9 -10;
v000001f8fbd65ef0_0 .var "expected", 7 0;
v000001f8fbd64e30_0 .var/s "test_in", 7 0;
v000001f8fb96bdf0_0 .var "test_name", 255 0;
v000001f8fb96be90_0 .var "test_ready", 0 0;
v000001f8fb96bf30_0 .var "test_resetN", 0 0;
TD_relu_unit_tb.check_output ;
    %load/vec4 v000001f8fbd64e30_0;
    %store/vec4 v000001f8fbd38000_0, 0, 8;
    %load/vec4 v000001f8fb96bf30_0;
    %store/vec4 v000001f8fbc94660_0, 0, 1;
    %load/vec4 v000001f8fb96be90_0;
    %store/vec4 v000001f8fbd38140_0, 0, 1;
    %delay 10, 0;
    %load/vec4 v000001f8fbd380a0_0;
    %load/vec4 v000001f8fbd65ef0_0;
    %cmp/ne;
    %jmp/0xz  T_0.0, 6;
    %vpi_call/w 3 62 "$error", "FAIL: %0s | in=%0d resetN=%0b ready=%0b out=%0d expected=%0d", v000001f8fb96bdf0_0, v000001f8fbd64e30_0, v000001f8fb96bf30_0, v000001f8fb96be90_0, v000001f8fbd380a0_0, v000001f8fbd65ef0_0 {0 0 0};
    %vpi_call/w 3 64 "$finish" {0 0 0};
    %jmp T_0.1;
T_0.0 ;
    %vpi_call/w 3 67 "$display", "PASS: %0s", v000001f8fb96bdf0_0 {0 0 0};
T_0.1 ;
    %end;
S_000001f8fbd3c490 .scope module, "dut" "relu_unit" 3 17, 4 4 0, S_000001f8fbd64a10;
 .timescale -9 -10;
    .port_info 0 /INPUT 8 "in_data";
    .port_info 1 /INPUT 1 "resetN";
    .port_info 2 /INPUT 1 "ready";
    .port_info 3 /OUTPUT 8 "out_data";
P_000001f8fbd47410 .param/l "DATA_WIDTH" 0 4 11, +C4<00000000000000000000000000001000>;
v000001f8fbd3c620_0 .net/s "in_data", 7 0, v000001f8fbd38000_0;  1 drivers
v000001f8fbd3c6c0_0 .var "out_data", 7 0;
v000001f8fbd3c760_0 .net "ready", 0 0, v000001f8fbd38140_0;  1 drivers
v000001f8fbd3c800_0 .net "resetN", 0 0, v000001f8fbc94660_0;  1 drivers
E_000001f8fbd47950 .event anyedge, v000001f8fbd3c800_0, v000001f8fbd3c760_0, v000001f8fbd3c620_0;
    .scope S_000001f8fbd3c490;
T_1 ;
    %wait E_000001f8fbd47950;
    %load/vec4 v000001f8fbd3c800_0;
    %nor/r;
    %flag_set/vec4 8;
    %jmp/0xz  T_1.0, 8;
    %pushi/vec4 0, 0, 8;
    %store/vec4 v000001f8fbd3c6c0_0, 0, 8;
    %jmp T_1.1;
T_1.0 ;
    %load/vec4 v000001f8fbd3c760_0;
    %flag_set/vec4 8;
    %jmp/0xz  T_1.2, 8;
    %load/vec4 v000001f8fbd3c620_0;
    %parti/s 1, 7, 4;
    %flag_set/vec4 8;
    %jmp/0xz  T_1.4, 8;
    %pushi/vec4 0, 0, 8;
    %store/vec4 v000001f8fbd3c6c0_0, 0, 8;
    %jmp T_1.5;
T_1.4 ;
    %load/vec4 v000001f8fbd3c620_0;
    %store/vec4 v000001f8fbd3c6c0_0, 0, 8;
T_1.5 ;
T_1.2 ;
T_1.1 ;
    %jmp T_1;
    .thread T_1, $push;
    .scope S_000001f8fbd64a10;
T_2 ;
    %vpi_call/w 3 25 "$dumpfile", "relu_unit_tb.vcd" {0 0 0};
    %vpi_call/w 3 26 "$dumpvars", 32'sb00000000000000000000000000000000, S_000001f8fbd64a10 {0 0 0};
    %pushi/vec4 0, 0, 8;
    %store/vec4 v000001f8fbd38000_0, 0, 8;
    %pushi/vec4 0, 0, 1;
    %store/vec4 v000001f8fbc94660_0, 0, 1;
    %pushi/vec4 0, 0, 1;
    %store/vec4 v000001f8fbd38140_0, 0, 1;
    %delay 10, 0;
    %pushi/vec4 25, 0, 8;
    %store/vec4 v000001f8fbd64e30_0, 0, 8;
    %pushi/vec4 0, 0, 1;
    %store/vec4 v000001f8fb96bf30_0, 0, 1;
    %pushi/vec4 1, 0, 1;
    %store/vec4 v000001f8fb96be90_0, 0, 1;
    %pushi/vec4 0, 0, 8;
    %store/vec4 v000001f8fbd65ef0_0, 0, 8;
    %pushi/vec4 0, 0, 32; draw_string_vec4
    %pushi/vec4 0, 0, 32; draw_string_vec4
    %concat/vec4; draw_string_vec4
    %pushi/vec4 0, 0, 32; draw_string_vec4
    %concat/vec4; draw_string_vec4
    %pushi/vec4 7497075, 0, 32; draw_string_vec4
    %concat/vec4; draw_string_vec4
    %pushi/vec4 1702109283, 0, 32; draw_string_vec4
    %concat/vec4; draw_string_vec4
    %pushi/vec4 1818583410, 0, 32; draw_string_vec4
    %concat/vec4; draw_string_vec4
    %pushi/vec4 1931505525, 0, 32; draw_string_vec4
    %concat/vec4; draw_string_vec4
    %pushi/vec4 1953527156, 0, 32; draw_string_vec4
    %concat/vec4; draw_string_vec4
    %store/vec4 v000001f8fb96bdf0_0, 0, 256;
    %fork TD_relu_unit_tb.check_output, S_000001f8fb96bc60;
    %join;
    %pushi/vec4 25, 0, 8;
    %store/vec4 v000001f8fbd64e30_0, 0, 8;
    %pushi/vec4 1, 0, 1;
    %store/vec4 v000001f8fb96bf30_0, 0, 1;
    %pushi/vec4 0, 0, 1;
    %store/vec4 v000001f8fb96be90_0, 0, 1;
    %pushi/vec4 0, 0, 8;
    %store/vec4 v000001f8fbd65ef0_0, 0, 8;
    %pushi/vec4 0, 0, 32; draw_string_vec4
    %pushi/vec4 7497057, 0, 32; draw_string_vec4
    %concat/vec4; draw_string_vec4
    %pushi/vec4 1685659756, 0, 32; draw_string_vec4
    %concat/vec4; draw_string_vec4
    %pushi/vec4 1870078056, 0, 32; draw_string_vec4
    %concat/vec4; draw_string_vec4
    %pushi/vec4 1869374579, 0, 32; draw_string_vec4
    %concat/vec4; draw_string_vec4
    %pushi/vec4 544367987, 0, 32; draw_string_vec4
    %concat/vec4; draw_string_vec4
    %pushi/vec4 1702109302, 0, 32; draw_string_vec4
    %concat/vec4; draw_string_vec4
    %pushi/vec4 1634497893, 0, 32; draw_string_vec4
    %concat/vec4; draw_string_vec4
    %store/vec4 v000001f8fb96bdf0_0, 0, 256;
    %fork TD_relu_unit_tb.check_output, S_000001f8fb96bc60;
    %join;
    %pushi/vec4 25, 0, 8;
    %store/vec4 v000001f8fbd64e30_0, 0, 8;
    %pushi/vec4 1, 0, 1;
    %store/vec4 v000001f8fb96bf30_0, 0, 1;
    %pushi/vec4 1, 0, 1;
    %store/vec4 v000001f8fb96be90_0, 0, 1;
    %pushi/vec4 25, 0, 8;
    %store/vec4 v000001f8fbd65ef0_0, 0, 8;
    %pushi/vec4 3267949120, 0, 33;
    %concati/vec4 3503476432, 0, 32;
    %concati/vec4 2173535681, 0, 33;
    %concati/vec4 3520448917, 0, 32;
    %concati/vec4 3431055805, 0, 32;
    %concati/vec4 3450196389, 0, 32;
    %concati/vec4 3650388389, 0, 32;
    %concati/vec4 779122036, 0, 30;
    %store/vec4 v000001f8fb96bdf0_0, 0, 256;
    %fork TD_relu_unit_tb.check_output, S_000001f8fb96bc60;
    %join;
    %pushi/vec4 249, 0, 8;
    %store/vec4 v000001f8fbd64e30_0, 0, 8;
    %pushi/vec4 1, 0, 1;
    %store/vec4 v000001f8fb96bf30_0, 0, 1;
    %pushi/vec4 0, 0, 1;
    %store/vec4 v000001f8fb96be90_0, 0, 1;
    %pushi/vec4 25, 0, 8;
    %store/vec4 v000001f8fbd65ef0_0, 0, 8;
    %pushi/vec4 3997225182, 0, 33;
    %concati/vec4 3637044800, 0, 32;
    %concati/vec4 3773090540, 0, 32;
    %concati/vec4 3537824486, 0, 32;
    %concati/vec4 2176957901, 0, 33;
    %concati/vec4 2781980121, 0, 32;
    %concati/vec4 2491533717, 0, 32;
    %concati/vec4 863333492, 0, 30;
    %store/vec4 v000001f8fb96bdf0_0, 0, 256;
    %fork TD_relu_unit_tb.check_output, S_000001f8fb96bc60;
    %join;
    %pushi/vec4 0, 0, 8;
    %store/vec4 v000001f8fbd64e30_0, 0, 8;
    %pushi/vec4 1, 0, 1;
    %store/vec4 v000001f8fb96bf30_0, 0, 1;
    %pushi/vec4 1, 0, 1;
    %store/vec4 v000001f8fb96be90_0, 0, 1;
    %pushi/vec4 0, 0, 8;
    %store/vec4 v000001f8fbd65ef0_0, 0, 8;
    %pushi/vec4 29285, 0, 32; draw_string_vec4
    %pushi/vec4 1633974560, 0, 32; draw_string_vec4
    %concat/vec4; draw_string_vec4
    %pushi/vec4 1751738216, 0, 32; draw_string_vec4
    %concat/vec4; draw_string_vec4
    %pushi/vec4 543383920, 0, 32; draw_string_vec4
    %concat/vec4; draw_string_vec4
    %pushi/vec4 1953854053, 0, 32; draw_string_vec4
    %concat/vec4; draw_string_vec4
    %pushi/vec4 1931508325, 0, 32; draw_string_vec4
    %concat/vec4; draw_string_vec4
    %pushi/vec4 1919885417, 0, 32; draw_string_vec4
    %concat/vec4; draw_string_vec4
    %pushi/vec4 1852863860, 0, 32; draw_string_vec4
    %concat/vec4; draw_string_vec4
    %store/vec4 v000001f8fb96bdf0_0, 0, 256;
    %fork TD_relu_unit_tb.check_output, S_000001f8fb96bc60;
    %join;
    %pushi/vec4 64, 0, 8;
    %store/vec4 v000001f8fbd64e30_0, 0, 8;
    %pushi/vec4 1, 0, 1;
    %store/vec4 v000001f8fb96bf30_0, 0, 1;
    %pushi/vec4 0, 0, 1;
    %store/vec4 v000001f8fb96be90_0, 0, 1;
    %pushi/vec4 0, 0, 8;
    %store/vec4 v000001f8fbd65ef0_0, 0, 8;
    %pushi/vec4 0, 0, 32; draw_string_vec4
    %pushi/vec4 7497057, 0, 32; draw_string_vec4
    %concat/vec4; draw_string_vec4
    %pushi/vec4 1685659756, 0, 32; draw_string_vec4
    %concat/vec4; draw_string_vec4
    %pushi/vec4 1870078056, 0, 32; draw_string_vec4
    %concat/vec4; draw_string_vec4
    %pushi/vec4 1869374579, 0, 32; draw_string_vec4
    %concat/vec4; draw_string_vec4
    %pushi/vec4 544892274, 0, 32; draw_string_vec4
    %concat/vec4; draw_string_vec4
    %pushi/vec4 1864397413, 0, 32; draw_string_vec4
    %concat/vec4; draw_string_vec4
    %pushi/vec4 1937075316, 0, 32; draw_string_vec4
    %concat/vec4; draw_string_vec4
    %store/vec4 v000001f8fb96bdf0_0, 0, 256;
    %fork TD_relu_unit_tb.check_output, S_000001f8fb96bc60;
    %join;
    %pushi/vec4 255, 0, 8;
    %store/vec4 v000001f8fbd64e30_0, 0, 8;
    %pushi/vec4 1, 0, 1;
    %store/vec4 v000001f8fb96bf30_0, 0, 1;
    %pushi/vec4 1, 0, 1;
    %store/vec4 v000001f8fb96be90_0, 0, 1;
    %pushi/vec4 0, 0, 8;
    %store/vec4 v000001f8fbd65ef0_0, 0, 8;
    %pushi/vec4 0, 0, 32; draw_string_vec4
    %pushi/vec4 7234919, 0, 32; draw_string_vec4
    %concat/vec4; draw_string_vec4
    %pushi/vec4 1635019126, 0, 32; draw_string_vec4
    %concat/vec4; draw_string_vec4
    %pushi/vec4 1696624494, 0, 32; draw_string_vec4
    %concat/vec4; draw_string_vec4
    %pushi/vec4 1696621420, 0, 32; draw_string_vec4
    %concat/vec4; draw_string_vec4
    %pushi/vec4 1634562163, 0, 32; draw_string_vec4
    %concat/vec4; draw_string_vec4
    %pushi/vec4 544501536, 0, 32; draw_string_vec4
    %concat/vec4; draw_string_vec4
    %pushi/vec4 2053468783, 0, 32; draw_string_vec4
    %concat/vec4; draw_string_vec4
    %store/vec4 v000001f8fb96bdf0_0, 0, 256;
    %fork TD_relu_unit_tb.check_output, S_000001f8fb96bc60;
    %join;
    %pushi/vec4 192, 0, 8;
    %store/vec4 v000001f8fbd64e30_0, 0, 8;
    %pushi/vec4 1, 0, 1;
    %store/vec4 v000001f8fb96bf30_0, 0, 1;
    %pushi/vec4 1, 0, 1;
    %store/vec4 v000001f8fb96be90_0, 0, 1;
    %pushi/vec4 0, 0, 8;
    %store/vec4 v000001f8fbd65ef0_0, 0, 8;
    %pushi/vec4 110, 0, 32; draw_string_vec4
    %pushi/vec4 1701273972, 0, 32; draw_string_vec4
    %concat/vec4; draw_string_vec4
    %pushi/vec4 1769366816, 0, 32; draw_string_vec4
    %concat/vec4; draw_string_vec4
    %pushi/vec4 1986096245, 0, 32; draw_string_vec4
    %concat/vec4; draw_string_vec4
    %pushi/vec4 1696621420, 0, 32; draw_string_vec4
    %concat/vec4; draw_string_vec4
    %pushi/vec4 1634562163, 0, 32; draw_string_vec4
    %concat/vec4; draw_string_vec4
    %pushi/vec4 544501536, 0, 32; draw_string_vec4
    %concat/vec4; draw_string_vec4
    %pushi/vec4 2053468783, 0, 32; draw_string_vec4
    %concat/vec4; draw_string_vec4
    %store/vec4 v000001f8fb96bdf0_0, 0, 256;
    %fork TD_relu_unit_tb.check_output, S_000001f8fb96bc60;
    %join;
    %pushi/vec4 127, 0, 8;
    %store/vec4 v000001f8fbd64e30_0, 0, 8;
    %pushi/vec4 1, 0, 1;
    %store/vec4 v000001f8fb96bf30_0, 0, 1;
    %pushi/vec4 1, 0, 1;
    %store/vec4 v000001f8fb96be90_0, 0, 1;
    %pushi/vec4 127, 0, 8;
    %store/vec4 v000001f8fbd65ef0_0, 0, 8;
    %pushi/vec4 0, 0, 32; draw_string_vec4
    %pushi/vec4 7168376, 0, 32; draw_string_vec4
    %concat/vec4; draw_string_vec4
    %pushi/vec4 544239475, 0, 32; draw_string_vec4
    %concat/vec4; draw_string_vec4
    %pushi/vec4 1769236854, 0, 32; draw_string_vec4
    %concat/vec4; draw_string_vec4
    %pushi/vec4 1696624737, 0, 32; draw_string_vec4
    %concat/vec4; draw_string_vec4
    %pushi/vec4 1936942451, 0, 32; draw_string_vec4
    %concat/vec4; draw_string_vec4
    %pushi/vec4 544499826, 0, 32; draw_string_vec4
    %concat/vec4; draw_string_vec4
    %pushi/vec4 1869965160, 0, 32; draw_string_vec4
    %concat/vec4; draw_string_vec4
    %store/vec4 v000001f8fb96bdf0_0, 0, 256;
    %fork TD_relu_unit_tb.check_output, S_000001f8fb96bc60;
    %join;
    %pushi/vec4 1, 0, 8;
    %store/vec4 v000001f8fbd64e30_0, 0, 8;
    %pushi/vec4 1, 0, 1;
    %store/vec4 v000001f8fb96bf30_0, 0, 1;
    %pushi/vec4 0, 0, 1;
    %store/vec4 v000001f8fb96be90_0, 0, 1;
    %pushi/vec4 127, 0, 8;
    %store/vec4 v000001f8fbd65ef0_0, 0, 8;
    %pushi/vec4 3371319512, 0, 33;
    %concati/vec4 3740156112, 0, 32;
    %concati/vec4 3738749158, 0, 32;
    %concati/vec4 2176157152, 0, 33;
    %concati/vec4 2176957901, 0, 32;
    %concati/vec4 2781980121, 0, 32;
    %concati/vec4 2491533717, 0, 32;
    %concati/vec4 863333492, 0, 30;
    %store/vec4 v000001f8fb96bdf0_0, 0, 256;
    %fork TD_relu_unit_tb.check_output, S_000001f8fb96bc60;
    %join;
    %vpi_call/w 3 44 "$display", "RELU_UNIT TB PASSED" {0 0 0};
    %vpi_call/w 3 45 "$finish" {0 0 0};
    %end;
    .thread T_2;
# The file index is used to find the file name in the following table.
:file_names 5;
    "N/A";
    "<interactive>";
    "-";
    "E:\Git-Repos\ANIDS-VLSI-PROJECT\ANIDS\tb\unit\relu_unit_tb.sv";
    "E:\Git-Repos\ANIDS-VLSI-PROJECT\ANIDS\src\core\relu_unit.sv";
