#! /c/Source/iverilog-install/bin/vvp
:ivl_version "12.0 (devel)" "(s20150603-1539-g2693dd32b)";
:ivl_delay_selection "TYPICAL";
:vpi_time_precision - 10;
:vpi_module "C:\iverilog\lib\ivl\system.vpi";
:vpi_module "C:\iverilog\lib\ivl\vhdl_sys.vpi";
:vpi_module "C:\iverilog\lib\ivl\vhdl_textio.vpi";
:vpi_module "C:\iverilog\lib\ivl\v2005_math.vpi";
:vpi_module "C:\iverilog\lib\ivl\va_math.vpi";
:vpi_module "C:\iverilog\lib\ivl\v2009.vpi";
S_00000295be995390 .scope package, "$unit" "$unit" 2 1;
 .timescale 0 0;
S_00000295be994140 .scope module, "hidden_layer_unit_tb" "hidden_layer_unit_tb" 3 6;
 .timescale -9 -10;
P_00000295be9942d0 .param/l "BIAS_WIDTH" 1 3 10, +C4<00000000000000000000000000001000>;
P_00000295be994308 .param/l "COUNTER_WIDTH" 1 3 12, +C4<00000000000000000000000000000111>;
P_00000295be994340 .param/l "FEATURE_PAIR_WIDTH" 1 3 8, +C4<00000000000000000000000000000010>;
P_00000295be994378 .param/l "N_WIDTH" 1 3 13, +C4<00000000000000000000000000001000>;
P_00000295be9943b0 .param/l "RESULT_WIDTH" 1 3 11, +C4<00000000000000000000000000001000>;
P_00000295be9943e8 .param/l "WEIGHT_WIDTH" 1 3 9, +C4<00000000000000000000000000001000>;
v00000295beaf41f0_0 .var "N", 7 0;
v00000295beaf5870_0 .var/s "bias", 7 0;
v00000295beaf5910_0 .var "clk", 0 0;
v00000295beaf59b0_0 .var "counter", 6 0;
v00000295beaf4290_0 .var "enable", 0 0;
v00000295beaf45b0_0 .var "features_in", 1 0;
v00000295beaf4650_0 .net "ready", 0 0, v00000295beaf43d0_0;  1 drivers
v00000295beaf4790_0 .var "resetN", 0 0;
v00000295beaf5230_0 .net/s "result", 7 0, v00000295beaf4d30_0;  1 drivers
v00000295beaf4010_0 .var/s "weight_0", 7 0;
v00000295beaf5e10_0 .var/s "weight_1", 7 0;
S_00000295be994760 .scope task, "check_outputs" "check_outputs" 3 131, 3 131 0, S_00000295be994140;
 .timescale -9 -10;
v00000295be98ac20_0 .var "expected_ready", 0 0;
v00000295be98ab80_0 .var/s "expected_result", 7 0;
v00000295be98afe0_0 .var "test_name", 255 0;
TD_hidden_layer_unit_tb.check_outputs ;
    %load/vec4 v00000295beaf4650_0;
    %load/vec4 v00000295be98ac20_0;
    %cmp/ne;
    %jmp/1 T_0.2, 6;
    %flag_mov 8, 6;
    %load/vec4 v00000295beaf5230_0;
    %load/vec4 v00000295be98ab80_0;
    %cmp/ne;
    %flag_or 6, 8;
T_0.2;
    %jmp/0xz  T_0.0, 6;
    %vpi_call/w 3 138 "$error", "FAIL: %0s | ready=%0b expected_ready=%0b result=%0d expected_result=%0d", v00000295be98afe0_0, v00000295beaf4650_0, v00000295be98ac20_0, v00000295beaf5230_0, v00000295be98ab80_0 {0 0 0};
    %vpi_call/w 3 140 "$finish" {0 0 0};
    %jmp T_0.1;
T_0.0 ;
    %vpi_call/w 3 143 "$display", "PASS: %0s", v00000295be98afe0_0 {0 0 0};
T_0.1 ;
    %end;
S_00000295be9948f0 .scope module, "dut" "hidden_layer_unit" 3 27, 4 4 0, S_00000295be994140;
 .timescale -9 -10;
    .port_info 0 /INPUT 1 "clk";
    .port_info 1 /INPUT 1 "resetN";
    .port_info 2 /INPUT 1 "enable";
    .port_info 3 /INPUT 8 "N";
    .port_info 4 /INPUT 7 "counter";
    .port_info 5 /INPUT 2 "features_in";
    .port_info 6 /INPUT 8 "weight_0";
    .port_info 7 /INPUT 8 "weight_1";
    .port_info 8 /INPUT 8 "bias";
    .port_info 9 /OUTPUT 8 "result";
    .port_info 10 /OUTPUT 1 "ready";
P_00000295bea3f580 .param/l "ACC_WIDTH" 0 4 24, +C4<00000000000000000000000000001111>;
P_00000295bea3f5b8 .param/l "BIAS_WIDTH" 0 4 20, +C4<00000000000000000000000000001000>;
P_00000295bea3f5f0 .param/l "COUNTER_WIDTH" 0 4 22, +C4<00000000000000000000000000000111>;
P_00000295bea3f628 .param/l "FEATURE_PAIR_WIDTH" 0 4 18, +C4<00000000000000000000000000000010>;
P_00000295bea3f660 .param/l "N_WIDTH" 0 4 25, +C4<00000000000000000000000000001000>;
P_00000295bea3f698 .param/l "PAIR_SUM_WIDTH" 0 4 23, +C4<00000000000000000000000000001001>;
P_00000295bea3f6d0 .param/l "RESULT_WIDTH" 0 4 21, +C4<00000000000000000000000000001000>;
P_00000295bea3f708 .param/l "WEIGHT_WIDTH" 0 4 19, +C4<00000000000000000000000000001000>;
v00000295be98b1c0_0 .net "N", 7 0, v00000295beaf41f0_0;  1 drivers
v00000295be98b940_0 .net *"_ivl_0", 7 0, L_00000295beaf4830;  1 drivers
v00000295be98ad60_0 .net *"_ivl_13", 0 0, L_00000295beaf5c30;  1 drivers
L_00000295beaf6068 .functor BUFT 1, C4<00000000>, C4<0>, C4<0>, C4<0>;
v00000295be98b8a0_0 .net/2u *"_ivl_14", 7 0, L_00000295beaf6068;  1 drivers
v00000295be98acc0_0 .net *"_ivl_19", 0 0, L_00000295beaf4150;  1 drivers
v00000295be98ae00_0 .net *"_ivl_2", 6 0, L_00000295beaf5a50;  1 drivers
L_00000295beaf60b0 .functor BUFT 1, C4<00000000>, C4<0>, C4<0>, C4<0>;
v00000295be98b120_0 .net/2u *"_ivl_20", 7 0, L_00000295beaf60b0;  1 drivers
v00000295be98b760_0 .net *"_ivl_25", 0 0, L_00000295beaf5d70;  1 drivers
v00000295be98b260_0 .net *"_ivl_26", 8 0, L_00000295beaf5eb0;  1 drivers
v00000295be98b300_0 .net *"_ivl_29", 0 0, L_00000295beaf48d0;  1 drivers
v00000295be98b3a0_0 .net *"_ivl_30", 8 0, L_00000295beaf4e70;  1 drivers
v00000295be98b4e0_0 .net *"_ivl_35", 0 0, L_00000295beb3f070;  1 drivers
v00000295be98b580_0 .net *"_ivl_36", 5 0, L_00000295beb3e2b0;  1 drivers
v00000295be98b620_0 .net *"_ivl_38", 14 0, L_00000295beb3e5d0;  1 drivers
L_00000295beaf5fd8 .functor BUFT 1, C4<0>, C4<0>, C4<0>, C4<0>;
v00000295be98b6c0_0 .net *"_ivl_4", 0 0, L_00000295beaf5fd8;  1 drivers
v00000295beaf4970_0 .net *"_ivl_45", 0 0, L_00000295beb3f430;  1 drivers
v00000295beaf4510_0 .net *"_ivl_46", 8 0, L_00000295beb3e8f0;  1 drivers
v00000295beaf54b0_0 .net *"_ivl_49", 0 0, L_00000295beb3f610;  1 drivers
v00000295beaf5050_0 .net *"_ivl_50", 8 0, L_00000295beb3f890;  1 drivers
L_00000295beaf6020 .functor BUFT 1, C4<00000001>, C4<0>, C4<0>, C4<0>;
v00000295beaf4470_0 .net/2u *"_ivl_6", 7 0, L_00000295beaf6020;  1 drivers
v00000295beaf4c90_0 .net *"_ivl_8", 7 0, L_00000295beaf4dd0;  1 drivers
v00000295beaf5550_0 .var/s "acc", 14 0;
v00000295beaf55f0_0 .net/s "acc_next", 14 0, L_00000295beb3e670;  1 drivers
v00000295beaf5b90_0 .net/s "bias", 7 0, v00000295beaf5870_0;  1 drivers
v00000295beaf4b50_0 .net/s "biased_sum", 8 0, L_00000295beb3e3f0;  1 drivers
v00000295beaf52d0_0 .net "clk", 0 0, v00000295beaf5910_0;  1 drivers
v00000295beaf5690_0 .net "counter", 6 0, v00000295beaf59b0_0;  1 drivers
v00000295beaf50f0_0 .net "enable", 0 0, v00000295beaf4290_0;  1 drivers
v00000295beaf4330_0 .net "features_in", 1 0, v00000295beaf45b0_0;  1 drivers
v00000295beaf4bf0_0 .net/s "gated_weight_0", 7 0, L_00000295beaf40b0;  1 drivers
v00000295beaf4ab0_0 .net/s "gated_weight_1", 7 0, L_00000295beaf5cd0;  1 drivers
v00000295beaf5730_0 .net "last_pair_index", 6 0, L_00000295beaf5af0;  1 drivers
v00000295beaf5370_0 .net/s "pair_sum", 8 0, L_00000295beaf4f10;  1 drivers
v00000295beaf43d0_0 .var "ready", 0 0;
v00000295beaf5410_0 .net "resetN", 0 0, v00000295beaf4790_0;  1 drivers
v00000295beaf4d30_0 .var/s "result", 7 0;
v00000295beaf46f0_0 .var/s "sat_result", 7 0;
v00000295beaf5190_0 .net/s "trunc8", 7 0, L_00000295beb3f2f0;  1 drivers
v00000295beaf4a10_0 .net/s "weight_0", 7 0, v00000295beaf4010_0;  1 drivers
v00000295beaf4fb0_0 .net/s "weight_1", 7 0, v00000295beaf5e10_0;  1 drivers
E_00000295bea97960/0 .event negedge, v00000295beaf5410_0;
E_00000295bea97960/1 .event posedge, v00000295beaf52d0_0;
E_00000295bea97960 .event/or E_00000295bea97960/0, E_00000295bea97960/1;
E_00000295bea97260 .event anyedge, v00000295beaf4b50_0;
L_00000295beaf5a50 .part v00000295beaf41f0_0, 1, 7;
L_00000295beaf4830 .concat [ 7 1 0 0], L_00000295beaf5a50, L_00000295beaf5fd8;
L_00000295beaf4dd0 .arith/sub 8, L_00000295beaf4830, L_00000295beaf6020;
L_00000295beaf5af0 .part L_00000295beaf4dd0, 0, 7;
L_00000295beaf5c30 .part v00000295beaf45b0_0, 0, 1;
L_00000295beaf40b0 .functor MUXZ 8, L_00000295beaf6068, v00000295beaf4010_0, L_00000295beaf5c30, C4<>;
L_00000295beaf4150 .part v00000295beaf45b0_0, 1, 1;
L_00000295beaf5cd0 .functor MUXZ 8, L_00000295beaf60b0, v00000295beaf5e10_0, L_00000295beaf4150, C4<>;
L_00000295beaf5d70 .part L_00000295beaf40b0, 7, 1;
L_00000295beaf5eb0 .concat [ 8 1 0 0], L_00000295beaf40b0, L_00000295beaf5d70;
L_00000295beaf48d0 .part L_00000295beaf5cd0, 7, 1;
L_00000295beaf4e70 .concat [ 8 1 0 0], L_00000295beaf5cd0, L_00000295beaf48d0;
L_00000295beaf4f10 .arith/sum 9, L_00000295beaf5eb0, L_00000295beaf4e70;
L_00000295beb3f070 .part L_00000295beaf4f10, 8, 1;
LS_00000295beb3e2b0_0_0 .concat [ 1 1 1 1], L_00000295beb3f070, L_00000295beb3f070, L_00000295beb3f070, L_00000295beb3f070;
LS_00000295beb3e2b0_0_4 .concat [ 1 1 0 0], L_00000295beb3f070, L_00000295beb3f070;
L_00000295beb3e2b0 .concat [ 4 2 0 0], LS_00000295beb3e2b0_0_0, LS_00000295beb3e2b0_0_4;
L_00000295beb3e5d0 .concat [ 9 6 0 0], L_00000295beaf4f10, L_00000295beb3e2b0;
L_00000295beb3e670 .arith/sum 15, v00000295beaf5550_0, L_00000295beb3e5d0;
L_00000295beb3f2f0 .part L_00000295beb3e670, 7, 8;
L_00000295beb3f430 .part L_00000295beb3f2f0, 7, 1;
L_00000295beb3e8f0 .concat [ 8 1 0 0], L_00000295beb3f2f0, L_00000295beb3f430;
L_00000295beb3f610 .part v00000295beaf5870_0, 7, 1;
L_00000295beb3f890 .concat [ 8 1 0 0], v00000295beaf5870_0, L_00000295beb3f610;
L_00000295beb3e3f0 .arith/sum 9, L_00000295beb3e8f0, L_00000295beb3f890;
S_00000295bea3a0e0 .scope task, "run_until_last_pair" "run_until_last_pair" 3 148, 3 148 0, S_00000295be994140;
 .timescale -9 -10;
v00000295beaf57d0_0 .var/i "i", 31 0;
E_00000295bea97320 .event posedge, v00000295beaf52d0_0;
TD_hidden_layer_unit_tb.run_until_last_pair ;
    %pushi/vec4 0, 0, 32;
    %store/vec4 v00000295beaf57d0_0, 0, 32;
T_1.3 ;
    %load/vec4 v00000295beaf57d0_0;
    %cmpi/s 63, 0, 32;
    %jmp/0xz T_1.4, 5;
    %wait E_00000295bea97320;
    %delay 20, 0;
    %load/vec4 v00000295beaf59b0_0;
    %addi 1, 0, 7;
    %store/vec4 v00000295beaf59b0_0, 0, 7;
    %load/vec4 v00000295beaf57d0_0;
    %addi 1, 0, 32;
    %store/vec4 v00000295beaf57d0_0, 0, 32;
    %jmp T_1.3;
T_1.4 ;
    %wait E_00000295bea97320;
    %delay 20, 0;
    %end;
    .scope S_00000295be9948f0;
T_2 ;
    %wait E_00000295bea97260;
    %load/vec4 v00000295beaf4b50_0;
    %cmpi/s 127, 0, 9;
    %flag_or 5, 4; GT is !LE
    %flag_inv 5;
    %jmp/0xz  T_2.0, 5;
    %pushi/vec4 127, 0, 8;
    %store/vec4 v00000295beaf46f0_0, 0, 8;
    %jmp T_2.1;
T_2.0 ;
    %load/vec4 v00000295beaf4b50_0;
    %cmpi/s 384, 0, 9;
    %jmp/0xz  T_2.2, 5;
    %pushi/vec4 128, 0, 8;
    %store/vec4 v00000295beaf46f0_0, 0, 8;
    %jmp T_2.3;
T_2.2 ;
    %load/vec4 v00000295beaf4b50_0;
    %parti/s 8, 0, 2;
    %store/vec4 v00000295beaf46f0_0, 0, 8;
T_2.3 ;
T_2.1 ;
    %jmp T_2;
    .thread T_2, $push;
    .scope S_00000295be9948f0;
T_3 ;
    %wait E_00000295bea97960;
    %load/vec4 v00000295beaf5410_0;
    %nor/r;
    %flag_set/vec4 8;
    %jmp/0xz  T_3.0, 8;
    %pushi/vec4 0, 0, 15;
    %assign/vec4 v00000295beaf5550_0, 10;
    %pushi/vec4 0, 0, 8;
    %assign/vec4 v00000295beaf4d30_0, 10;
    %pushi/vec4 0, 0, 1;
    %assign/vec4 v00000295beaf43d0_0, 10;
    %jmp T_3.1;
T_3.0 ;
    %load/vec4 v00000295beaf50f0_0;
    %nor/r;
    %flag_set/vec4 8;
    %jmp/0xz  T_3.2, 8;
    %pushi/vec4 0, 0, 15;
    %assign/vec4 v00000295beaf5550_0, 10;
    %pushi/vec4 0, 0, 1;
    %assign/vec4 v00000295beaf43d0_0, 10;
    %jmp T_3.3;
T_3.2 ;
    %pushi/vec4 0, 0, 1;
    %assign/vec4 v00000295beaf43d0_0, 10;
    %load/vec4 v00000295beaf5690_0;
    %load/vec4 v00000295beaf5730_0;
    %cmp/e;
    %jmp/0xz  T_3.4, 4;
    %pushi/vec4 0, 0, 15;
    %assign/vec4 v00000295beaf5550_0, 10;
    %load/vec4 v00000295beaf46f0_0;
    %assign/vec4 v00000295beaf4d30_0, 10;
    %pushi/vec4 1, 0, 1;
    %assign/vec4 v00000295beaf43d0_0, 10;
    %jmp T_3.5;
T_3.4 ;
    %load/vec4 v00000295beaf55f0_0;
    %assign/vec4 v00000295beaf5550_0, 10;
T_3.5 ;
T_3.3 ;
T_3.1 ;
    %jmp T_3;
    .thread T_3;
    .scope S_00000295be994140;
T_4 ;
    %delay 25, 0;
    %load/vec4 v00000295beaf5910_0;
    %inv;
    %store/vec4 v00000295beaf5910_0, 0, 1;
    %jmp T_4;
    .thread T_4;
    .scope S_00000295be994140;
T_5 ;
    %vpi_call/w 3 44 "$dumpfile", "hidden_layer_unit_tb.vcd" {0 0 0};
    %vpi_call/w 3 45 "$dumpvars", 32'sb00000000000000000000000000000000, S_00000295be994140 {0 0 0};
    %pushi/vec4 0, 0, 1;
    %store/vec4 v00000295beaf5910_0, 0, 1;
    %pushi/vec4 0, 0, 1;
    %store/vec4 v00000295beaf4790_0, 0, 1;
    %pushi/vec4 0, 0, 1;
    %store/vec4 v00000295beaf4290_0, 0, 1;
    %pushi/vec4 4, 0, 8;
    %store/vec4 v00000295beaf41f0_0, 0, 8;
    %pushi/vec4 0, 0, 7;
    %store/vec4 v00000295beaf59b0_0, 0, 7;
    %pushi/vec4 0, 0, 2;
    %store/vec4 v00000295beaf45b0_0, 0, 2;
    %pushi/vec4 0, 0, 8;
    %store/vec4 v00000295beaf4010_0, 0, 8;
    %pushi/vec4 0, 0, 8;
    %store/vec4 v00000295beaf5e10_0, 0, 8;
    %pushi/vec4 0, 0, 8;
    %store/vec4 v00000295beaf5870_0, 0, 8;
    %delay 20, 0;
    %pushi/vec4 0, 0, 1;
    %store/vec4 v00000295be98ac20_0, 0, 1;
    %pushi/vec4 0, 0, 8;
    %store/vec4 v00000295be98ab80_0, 0, 8;
    %pushi/vec4 0, 0, 32; draw_string_vec4
    %pushi/vec4 0, 0, 32; draw_string_vec4
    %concat/vec4; draw_string_vec4
    %pushi/vec4 0, 0, 32; draw_string_vec4
    %concat/vec4; draw_string_vec4
    %pushi/vec4 1919251301, 0, 32; draw_string_vec4
    %concat/vec4; draw_string_vec4
    %pushi/vec4 1948279660, 0, 32; draw_string_vec4
    %concat/vec4; draw_string_vec4
    %pushi/vec4 1700885107, 0, 32; draw_string_vec4
    %concat/vec4; draw_string_vec4
    %pushi/vec4 544175476, 0, 32; draw_string_vec4
    %concat/vec4; draw_string_vec4
    %pushi/vec4 1886745715, 0, 32; draw_string_vec4
    %concat/vec4; draw_string_vec4
    %store/vec4 v00000295be98afe0_0, 0, 256;
    %fork TD_hidden_layer_unit_tb.check_outputs, S_00000295be994760;
    %join;
    %pushi/vec4 1, 0, 1;
    %store/vec4 v00000295beaf4790_0, 0, 1;
    %wait E_00000295bea97320;
    %delay 20, 0;
    %pushi/vec4 0, 0, 1;
    %store/vec4 v00000295be98ac20_0, 0, 1;
    %pushi/vec4 0, 0, 8;
    %store/vec4 v00000295be98ab80_0, 0, 8;
    %pushi/vec4 0, 0, 32; draw_string_vec4
    %pushi/vec4 0, 0, 32; draw_string_vec4
    %concat/vec4; draw_string_vec4
    %pushi/vec4 0, 0, 32; draw_string_vec4
    %concat/vec4; draw_string_vec4
    %pushi/vec4 0, 0, 32; draw_string_vec4
    %concat/vec4; draw_string_vec4
    %pushi/vec4 1768189029, 0, 32; draw_string_vec4
    %concat/vec4; draw_string_vec4
    %pushi/vec4 543254132, 0, 32; draw_string_vec4
    %concat/vec4; draw_string_vec4
    %pushi/vec4 1701978226, 0, 32; draw_string_vec4
    %concat/vec4; draw_string_vec4
    %pushi/vec4 1702061428, 0, 32; draw_string_vec4
    %concat/vec4; draw_string_vec4
    %store/vec4 v00000295be98afe0_0, 0, 256;
    %fork TD_hidden_layer_unit_tb.check_outputs, S_00000295be994760;
    %join;
    %pushi/vec4 1, 0, 1;
    %store/vec4 v00000295beaf4290_0, 0, 1;
    %pushi/vec4 0, 0, 8;
    %store/vec4 v00000295beaf5870_0, 0, 8;
    %pushi/vec4 0, 0, 7;
    %store/vec4 v00000295beaf59b0_0, 0, 7;
    %pushi/vec4 3, 0, 2;
    %store/vec4 v00000295beaf45b0_0, 0, 2;
    %pushi/vec4 64, 0, 8;
    %store/vec4 v00000295beaf4010_0, 0, 8;
    %pushi/vec4 32, 0, 8;
    %store/vec4 v00000295beaf5e10_0, 0, 8;
    %wait E_00000295bea97320;
    %delay 20, 0;
    %pushi/vec4 0, 0, 1;
    %store/vec4 v00000295be98ac20_0, 0, 1;
    %pushi/vec4 0, 0, 8;
    %store/vec4 v00000295be98ab80_0, 0, 8;
    %pushi/vec4 0, 0, 32; draw_string_vec4
    %pushi/vec4 0, 0, 32; draw_string_vec4
    %concat/vec4; draw_string_vec4
    %pushi/vec4 1718186611, 0, 32; draw_string_vec4
    %concat/vec4; draw_string_vec4
    %pushi/vec4 1948279139, 0, 32; draw_string_vec4
    %concat/vec4; draw_string_vec4
    %pushi/vec4 1668640117, 0, 32; draw_string_vec4
    %concat/vec4; draw_string_vec4
    %pushi/vec4 1818326121, 0, 32; draw_string_vec4
    %concat/vec4; draw_string_vec4
    %pushi/vec4 1869488227, 0, 32; draw_string_vec4
    %concat/vec4; draw_string_vec4
    %pushi/vec4 2036558949, 0, 32; draw_string_vec4
    %concat/vec4; draw_string_vec4
    %store/vec4 v00000295be98afe0_0, 0, 256;
    %fork TD_hidden_layer_unit_tb.check_outputs, S_00000295be994760;
    %join;
    %pushi/vec4 1, 0, 7;
    %store/vec4 v00000295beaf59b0_0, 0, 7;
    %pushi/vec4 3, 0, 2;
    %store/vec4 v00000295beaf45b0_0, 0, 2;
    %pushi/vec4 64, 0, 8;
    %store/vec4 v00000295beaf4010_0, 0, 8;
    %pushi/vec4 64, 0, 8;
    %store/vec4 v00000295beaf5e10_0, 0, 8;
    %wait E_00000295bea97320;
    %delay 20, 0;
    %pushi/vec4 1, 0, 1;
    %store/vec4 v00000295be98ac20_0, 0, 1;
    %pushi/vec4 1, 0, 8;
    %store/vec4 v00000295be98ab80_0, 0, 8;
    %pushi/vec4 2173560205, 0, 34;
    %concati/vec4 2979299777, 0, 32;
    %concati/vec4 3384644053, 0, 32;
    %concati/vec4 2375404673, 0, 32;
    %concati/vec4 3519665593, 0, 32;
    %concati/vec4 2374357397, 0, 32;
    %concati/vec4 2424424853, 0, 32;
    %concati/vec4 863333492, 0, 30;
    %store/vec4 v00000295be98afe0_0, 0, 256;
    %fork TD_hidden_layer_unit_tb.check_outputs, S_00000295be994760;
    %join;
    %pushi/vec4 0, 0, 1;
    %store/vec4 v00000295beaf4290_0, 0, 1;
    %pushi/vec4 0, 0, 7;
    %store/vec4 v00000295beaf59b0_0, 0, 7;
    %wait E_00000295bea97320;
    %delay 20, 0;
    %pushi/vec4 0, 0, 1;
    %store/vec4 v00000295be98ac20_0, 0, 1;
    %pushi/vec4 1, 0, 8;
    %store/vec4 v00000295be98ab80_0, 0, 8;
    %pushi/vec4 7497057, 0, 32; draw_string_vec4
    %pushi/vec4 1685659760, 0, 32; draw_string_vec4
    %concat/vec4; draw_string_vec4
    %pushi/vec4 1970041701, 0, 32; draw_string_vec4
    %concat/vec4; draw_string_vec4
    %pushi/vec4 1931503215, 0, 32; draw_string_vec4
    %concat/vec4; draw_string_vec4
    %pushi/vec4 1914728302, 0, 32; draw_string_vec4
    %concat/vec4; draw_string_vec4
    %pushi/vec4 1696621433, 0, 32; draw_string_vec4
    %concat/vec4; draw_string_vec4
    %pushi/vec4 1668048160, 0, 32; draw_string_vec4
    %concat/vec4; draw_string_vec4
    %pushi/vec4 1869507705, 0, 32; draw_string_vec4
    %concat/vec4; draw_string_vec4
    %store/vec4 v00000295be98afe0_0, 0, 256;
    %fork TD_hidden_layer_unit_tb.check_outputs, S_00000295be994760;
    %join;
    %pushi/vec4 0, 0, 1;
    %store/vec4 v00000295be98ac20_0, 0, 1;
    %pushi/vec4 1, 0, 8;
    %store/vec4 v00000295be98ab80_0, 0, 8;
    %pushi/vec4 3270298342, 0, 33;
    %concati/vec4 2177471901, 0, 33;
    %concati/vec4 2781729173, 0, 32;
    %concati/vec4 3382022273, 0, 32;
    %concati/vec4 3382037973, 0, 32;
    %concati/vec4 2983231957, 0, 32;
    %concati/vec4 3113066885, 0, 32;
    %concati/vec4 778528100, 0, 30;
    %store/vec4 v00000295be98afe0_0, 0, 256;
    %fork TD_hidden_layer_unit_tb.check_outputs, S_00000295be994760;
    %join;
    %pushi/vec4 1, 0, 1;
    %store/vec4 v00000295beaf4290_0, 0, 1;
    %pushi/vec4 128, 0, 8;
    %store/vec4 v00000295beaf41f0_0, 0, 8;
    %pushi/vec4 0, 0, 7;
    %store/vec4 v00000295beaf59b0_0, 0, 7;
    %pushi/vec4 3, 0, 2;
    %store/vec4 v00000295beaf45b0_0, 0, 2;
    %pushi/vec4 127, 0, 8;
    %store/vec4 v00000295beaf4010_0, 0, 8;
    %pushi/vec4 127, 0, 8;
    %store/vec4 v00000295beaf5e10_0, 0, 8;
    %pushi/vec4 10, 0, 8;
    %store/vec4 v00000295beaf5870_0, 0, 8;
    %fork TD_hidden_layer_unit_tb.run_until_last_pair, S_00000295bea3a0e0;
    %join;
    %pushi/vec4 1, 0, 1;
    %store/vec4 v00000295be98ac20_0, 0, 1;
    %pushi/vec4 127, 0, 8;
    %store/vec4 v00000295be98ab80_0, 0, 8;
    %pushi/vec4 3872581842, 0, 33;
    %concati/vec4 3972677862, 0, 32;
    %concati/vec4 3270044388, 0, 32;
    %concati/vec4 3270038238, 0, 32;
    %concati/vec4 3695231720, 0, 32;
    %concati/vec4 2174330297, 0, 33;
    %concati/vec4 2242937229, 0, 32;
    %concati/vec4 962817125, 0, 30;
    %store/vec4 v00000295be98afe0_0, 0, 256;
    %fork TD_hidden_layer_unit_tb.check_outputs, S_00000295be994760;
    %join;
    %pushi/vec4 0, 0, 1;
    %store/vec4 v00000295beaf4290_0, 0, 1;
    %pushi/vec4 0, 0, 7;
    %store/vec4 v00000295beaf59b0_0, 0, 7;
    %wait E_00000295bea97320;
    %delay 20, 0;
    %pushi/vec4 0, 0, 1;
    %store/vec4 v00000295be98ac20_0, 0, 1;
    %pushi/vec4 127, 0, 8;
    %store/vec4 v00000295be98ab80_0, 0, 8;
    %pushi/vec4 2173815229, 0, 34;
    %concati/vec4 3251405189, 0, 32;
    %concati/vec4 2580649416, 0, 32;
    %concati/vec4 2176957901, 0, 32;
    %concati/vec4 2781980121, 0, 32;
    %concati/vec4 2491534725, 0, 32;
    %concati/vec4 3520448901, 0, 32;
    %concati/vec4 879325038, 0, 30;
    %store/vec4 v00000295be98afe0_0, 0, 256;
    %fork TD_hidden_layer_unit_tb.check_outputs, S_00000295be994760;
    %join;
    %pushi/vec4 0, 0, 1;
    %store/vec4 v00000295beaf4290_0, 0, 1;
    %wait E_00000295bea97320;
    %delay 20, 0;
    %pushi/vec4 1, 0, 1;
    %store/vec4 v00000295beaf4290_0, 0, 1;
    %pushi/vec4 128, 0, 8;
    %store/vec4 v00000295beaf41f0_0, 0, 8;
    %pushi/vec4 0, 0, 7;
    %store/vec4 v00000295beaf59b0_0, 0, 7;
    %pushi/vec4 3, 0, 2;
    %store/vec4 v00000295beaf45b0_0, 0, 2;
    %pushi/vec4 128, 0, 8;
    %store/vec4 v00000295beaf4010_0, 0, 8;
    %pushi/vec4 128, 0, 8;
    %store/vec4 v00000295beaf5e10_0, 0, 8;
    %pushi/vec4 246, 0, 8;
    %store/vec4 v00000295beaf5870_0, 0, 8;
    %fork TD_hidden_layer_unit_tb.run_until_last_pair, S_00000295bea3a0e0;
    %join;
    %pushi/vec4 1, 0, 1;
    %store/vec4 v00000295be98ac20_0, 0, 1;
    %pushi/vec4 128, 0, 8;
    %store/vec4 v00000295be98ab80_0, 0, 8;
    %pushi/vec4 3468880082, 0, 33;
    %concati/vec4 3972677862, 0, 32;
    %concati/vec4 3270044388, 0, 32;
    %concati/vec4 3270038238, 0, 32;
    %concati/vec4 3695231720, 0, 32;
    %concati/vec4 2174330297, 0, 33;
    %concati/vec4 2242937229, 0, 32;
    %concati/vec4 962817125, 0, 30;
    %store/vec4 v00000295be98afe0_0, 0, 256;
    %fork TD_hidden_layer_unit_tb.check_outputs, S_00000295be994760;
    %join;
    %vpi_call/w 3 127 "$display", "HIDDEN_LAYER_UNIT TB PASSED" {0 0 0};
    %vpi_call/w 3 128 "$finish" {0 0 0};
    %end;
    .thread T_5;
# The file index is used to find the file name in the following table.
:file_names 5;
    "N/A";
    "<interactive>";
    "-";
    "E:\Git-Repos\ANIDS-VLSI-PROJECT\ANIDS\tb\unit\hidden_layer_unit_tb.sv";
    "E:\Git-Repos\ANIDS-VLSI-PROJECT\ANIDS\src\core\hidden_layer_unit.sv";
