#! /c/Source/iverilog-install/bin/vvp
:ivl_version "12.0 (devel)" "(s20150603-1539-g2693dd32b)";
:ivl_delay_selection "TYPICAL";
:vpi_time_precision - 10;
:vpi_module "C:\iverilog\lib\ivl\system.vpi";
:vpi_module "C:\iverilog\lib\ivl\vhdl_sys.vpi";
:vpi_module "C:\iverilog\lib\ivl\vhdl_textio.vpi";
:vpi_module "C:\iverilog\lib\ivl\v2005_math.vpi";
:vpi_module "C:\iverilog\lib\ivl\va_math.vpi";
:vpi_module "C:\iverilog\lib\ivl\v2009.vpi";
S_0000014135e02aa0 .scope package, "$unit" "$unit" 2 1;
 .timescale 0 0;
S_0000014135c198e0 .scope module, "input_layer_tb" "input_layer_tb" 3 6;
 .timescale -9 -10;
P_0000014135d96ca0 .param/l "COUNTER_WIDTH" 1 3 9, +C4<00000000000000000000000000000111>;
P_0000014135d96cd8 .param/l "FEATURE_WIDTH" 1 3 8, +C4<00000000000000000000000010000000>;
P_0000014135d96d10 .param/l "PAIR_WIDTH" 1 3 10, +C4<00000000000000000000000000000010>;
v0000014135dda610_0 .var "clk", 0 0;
v0000014135dda6b0_0 .var "counter", 6 0;
v0000014135dd5eb0_0 .net "current_features", 1 0, v0000014135c1bd40_0;  1 drivers
v0000014135d336d0_0 .var "enable", 0 0;
v0000014135d33950_0 .var "features", 127 0;
v0000014135d339f0_0 .var "resetN", 0 0;
E_0000014135de8e50 .event posedge, v0000014135c1bf20_0;
S_0000014135c19a70 .scope task, "check_output" "check_output" 3 82, 3 82 0, S_0000014135c198e0;
 .timescale -9 -10;
v0000014135c16b10_0 .var "expected", 1 0;
v0000014135e02c30_0 .var "test_name", 255 0;
TD_input_layer_tb.check_output ;
    %load/vec4 v0000014135dd5eb0_0;
    %load/vec4 v0000014135c16b10_0;
    %cmp/ne;
    %jmp/0xz  T_0.0, 6;
    %vpi_call/w 3 88 "$error", "FAIL: %0s | got=%0b expected=%0b counter=%0d enable=%0b", v0000014135e02c30_0, v0000014135dd5eb0_0, v0000014135c16b10_0, v0000014135dda6b0_0, v0000014135d336d0_0 {0 0 0};
    %vpi_call/w 3 90 "$finish" {0 0 0};
    %jmp T_0.1;
T_0.0 ;
    %vpi_call/w 3 93 "$display", "PASS: %0s", v0000014135e02c30_0 {0 0 0};
T_0.1 ;
    %end;
S_0000014135dda340 .scope module, "dut" "input_layer" 3 23, 4 4 0, S_0000014135c198e0;
 .timescale -9 -10;
    .port_info 0 /INPUT 1 "clk";
    .port_info 1 /INPUT 1 "resetN";
    .port_info 2 /INPUT 1 "enable";
    .port_info 3 /INPUT 128 "features";
    .port_info 4 /INPUT 7 "counter";
    .port_info 5 /OUTPUT 2 "current_features";
P_0000014135d95b70 .param/l "COUNTER_WIDTH" 0 4 14, +C4<00000000000000000000000000000111>;
P_0000014135d95ba8 .param/l "FEATURE_WIDTH" 0 4 13, +C4<00000000000000000000000010000000>;
P_0000014135d95be0 .param/l "PAIR_WIDTH" 0 4 15, +C4<00000000000000000000000000000010>;
v0000014135c1bf20_0 .net "clk", 0 0, v0000014135dda610_0;  1 drivers
v0000014135c19c00_0 .net "counter", 6 0, v0000014135dda6b0_0;  1 drivers
v0000014135c1bd40_0 .var "current_features", 1 0;
v0000014135c1bde0_0 .net "enable", 0 0, v0000014135d336d0_0;  1 drivers
v0000014135dda4d0_0 .net "features", 127 0, v0000014135d33950_0;  1 drivers
v0000014135dda570_0 .net "resetN", 0 0, v0000014135d339f0_0;  1 drivers
E_0000014135de90d0/0 .event negedge, v0000014135dda570_0;
E_0000014135de90d0/1 .event posedge, v0000014135c1bf20_0;
E_0000014135de90d0 .event/or E_0000014135de90d0/0, E_0000014135de90d0/1;
    .scope S_0000014135dda340;
T_1 ;
    %wait E_0000014135de90d0;
    %load/vec4 v0000014135dda570_0;
    %nor/r;
    %flag_set/vec4 8;
    %jmp/0xz  T_1.0, 8;
    %pushi/vec4 0, 0, 2;
    %assign/vec4 v0000014135c1bd40_0, 10;
    %jmp T_1.1;
T_1.0 ;
    %load/vec4 v0000014135c1bde0_0;
    %nor/r;
    %flag_set/vec4 8;
    %jmp/0xz  T_1.2, 8;
    %pushi/vec4 0, 0, 2;
    %assign/vec4 v0000014135c1bd40_0, 10;
    %jmp T_1.3;
T_1.2 ;
    %load/vec4 v0000014135dda4d0_0;
    %load/vec4 v0000014135c19c00_0;
    %pad/u 32;
    %muli 2, 0, 32;
    %addi 1, 0, 32;
    %part/u 1;
    %load/vec4 v0000014135dda4d0_0;
    %load/vec4 v0000014135c19c00_0;
    %pad/u 32;
    %muli 2, 0, 32;
    %part/u 1;
    %concat/vec4; draw_concat_vec4
    %assign/vec4 v0000014135c1bd40_0, 10;
T_1.3 ;
T_1.1 ;
    %jmp T_1;
    .thread T_1;
    .scope S_0000014135c198e0;
T_2 ;
    %delay 25, 0;
    %load/vec4 v0000014135dda610_0;
    %inv;
    %store/vec4 v0000014135dda610_0, 0, 1;
    %jmp T_2;
    .thread T_2;
    .scope S_0000014135c198e0;
T_3 ;
    %vpi_call/w 3 35 "$dumpfile", "input_layer_tb.vcd" {0 0 0};
    %vpi_call/w 3 36 "$dumpvars", 32'sb00000000000000000000000000000000, S_0000014135c198e0 {0 0 0};
    %pushi/vec4 0, 0, 1;
    %store/vec4 v0000014135dda610_0, 0, 1;
    %pushi/vec4 0, 0, 1;
    %store/vec4 v0000014135d339f0_0, 0, 1;
    %pushi/vec4 0, 0, 1;
    %store/vec4 v0000014135d336d0_0, 0, 1;
    %pushi/vec4 4275878552, 0, 32;
    %concati/vec4 3970458656, 0, 33;
    %concati/vec4 2443359172, 0, 38;
    %concati/vec4 28036591, 0, 25;
    %store/vec4 v0000014135d33950_0, 0, 128;
    %pushi/vec4 0, 0, 7;
    %store/vec4 v0000014135dda6b0_0, 0, 7;
    %delay 20, 0;
    %pushi/vec4 0, 0, 2;
    %store/vec4 v0000014135c16b10_0, 0, 2;
    %pushi/vec4 0, 0, 32; draw_string_vec4
    %pushi/vec4 0, 0, 32; draw_string_vec4
    %concat/vec4; draw_string_vec4
    %pushi/vec4 0, 0, 32; draw_string_vec4
    %concat/vec4; draw_string_vec4
    %pushi/vec4 7497075, 0, 32; draw_string_vec4
    %concat/vec4; draw_string_vec4
    %pushi/vec4 1702109283, 0, 32; draw_string_vec4
    %concat/vec4; draw_string_vec4
    %pushi/vec4 1818583410, 0, 32; draw_string_vec4
    %concat/vec4; draw_string_vec4
    %pushi/vec4 1931505525, 0, 32; draw_string_vec4
    %concat/vec4; draw_string_vec4
    %pushi/vec4 1953527156, 0, 32; draw_string_vec4
    %concat/vec4; draw_string_vec4
    %store/vec4 v0000014135e02c30_0, 0, 256;
    %fork TD_input_layer_tb.check_output, S_0000014135c19a70;
    %join;
    %pushi/vec4 1, 0, 1;
    %assign/vec4 v0000014135d339f0_0, 0;
    %wait E_0000014135de8e50;
    %delay 20, 0;
    %pushi/vec4 0, 0, 2;
    %store/vec4 v0000014135c16b10_0, 0, 2;
    %pushi/vec4 0, 0, 32; draw_string_vec4
    %pushi/vec4 0, 0, 32; draw_string_vec4
    %concat/vec4; draw_string_vec4
    %pushi/vec4 1701732706, 0, 32; draw_string_vec4
    %concat/vec4; draw_string_vec4
    %pushi/vec4 1818566764, 0, 32; draw_string_vec4
    %concat/vec4; draw_string_vec4
    %pushi/vec4 1870078063, 0, 32; draw_string_vec4
    %concat/vec4; draw_string_vec4
    %pushi/vec4 1970565237, 0, 32; draw_string_vec4
    %concat/vec4; draw_string_vec4
    %pushi/vec4 1953702010, 0, 32; draw_string_vec4
    %concat/vec4; draw_string_vec4
    %pushi/vec4 1701998451, 0, 32; draw_string_vec4
    %concat/vec4; draw_string_vec4
    %store/vec4 v0000014135e02c30_0, 0, 256;
    %fork TD_input_layer_tb.check_output, S_0000014135c19a70;
    %join;
    %pushi/vec4 1, 0, 1;
    %assign/vec4 v0000014135d336d0_0, 0;
    %pushi/vec4 0, 0, 7;
    %assign/vec4 v0000014135dda6b0_0, 0;
    %wait E_0000014135de8e50;
    %delay 20, 0;
    %pushi/vec4 3, 0, 2;
    %store/vec4 v0000014135c16b10_0, 0, 2;
    %pushi/vec4 0, 0, 32; draw_string_vec4
    %pushi/vec4 25455, 0, 32; draw_string_vec4
    %concat/vec4; draw_string_vec4
    %pushi/vec4 1970173029, 0, 32; draw_string_vec4
    %concat/vec4; draw_string_vec4
    %pushi/vec4 1914712096, 0, 32; draw_string_vec4
    %concat/vec4; draw_string_vec4
    %pushi/vec4 1936026725, 0, 32; draw_string_vec4
    %concat/vec4; draw_string_vec4
    %pushi/vec4 1668576032, 0, 32; draw_string_vec4
    %concat/vec4; draw_string_vec4
    %pushi/vec4 1651078259, 0, 32; draw_string_vec4
    %concat/vec4; draw_string_vec4
    %pushi/vec4 540097072, 0, 32; draw_string_vec4
    %concat/vec4; draw_string_vec4
    %store/vec4 v0000014135e02c30_0, 0, 256;
    %fork TD_input_layer_tb.check_output, S_0000014135c19a70;
    %join;
    %pushi/vec4 1, 0, 7;
    %assign/vec4 v0000014135dda6b0_0, 0;
    %wait E_0000014135de8e50;
    %delay 20, 0;
    %pushi/vec4 3, 0, 2;
    %store/vec4 v0000014135c16b10_0, 0, 2;
    %pushi/vec4 0, 0, 32; draw_string_vec4
    %pushi/vec4 25455, 0, 32; draw_string_vec4
    %concat/vec4; draw_string_vec4
    %pushi/vec4 1970173029, 0, 32; draw_string_vec4
    %concat/vec4; draw_string_vec4
    %pushi/vec4 1914712352, 0, 32; draw_string_vec4
    %concat/vec4; draw_string_vec4
    %pushi/vec4 1936026725, 0, 32; draw_string_vec4
    %concat/vec4; draw_string_vec4
    %pushi/vec4 1668576032, 0, 32; draw_string_vec4
    %concat/vec4; draw_string_vec4
    %pushi/vec4 1651078259, 0, 32; draw_string_vec4
    %concat/vec4; draw_string_vec4
    %pushi/vec4 540228146, 0, 32; draw_string_vec4
    %concat/vec4; draw_string_vec4
    %store/vec4 v0000014135e02c30_0, 0, 256;
    %fork TD_input_layer_tb.check_output, S_0000014135c19a70;
    %join;
    %pushi/vec4 2, 0, 7;
    %assign/vec4 v0000014135dda6b0_0, 0;
    %wait E_0000014135de8e50;
    %delay 20, 0;
    %pushi/vec4 2, 0, 2;
    %store/vec4 v0000014135c16b10_0, 0, 2;
    %pushi/vec4 0, 0, 32; draw_string_vec4
    %pushi/vec4 25455, 0, 32; draw_string_vec4
    %concat/vec4; draw_string_vec4
    %pushi/vec4 1970173029, 0, 32; draw_string_vec4
    %concat/vec4; draw_string_vec4
    %pushi/vec4 1914712608, 0, 32; draw_string_vec4
    %concat/vec4; draw_string_vec4
    %pushi/vec4 1936026725, 0, 32; draw_string_vec4
    %concat/vec4; draw_string_vec4
    %pushi/vec4 1668576032, 0, 32; draw_string_vec4
    %concat/vec4; draw_string_vec4
    %pushi/vec4 1651078259, 0, 32; draw_string_vec4
    %concat/vec4; draw_string_vec4
    %pushi/vec4 540359220, 0, 32; draw_string_vec4
    %concat/vec4; draw_string_vec4
    %store/vec4 v0000014135e02c30_0, 0, 256;
    %fork TD_input_layer_tb.check_output, S_0000014135c19a70;
    %join;
    %pushi/vec4 63, 0, 7;
    %assign/vec4 v0000014135dda6b0_0, 0;
    %wait E_0000014135de8e50;
    %delay 20, 0;
    %pushi/vec4 3, 0, 2;
    %store/vec4 v0000014135c16b10_0, 0, 2;
    %pushi/vec4 6516597, 0, 32; draw_string_vec4
    %pushi/vec4 1853121906, 0, 32; draw_string_vec4
    %concat/vec4; draw_string_vec4
    %pushi/vec4 540422944, 0, 32; draw_string_vec4
    %concat/vec4; draw_string_vec4
    %pushi/vec4 1936026725, 0, 32; draw_string_vec4
    %concat/vec4; draw_string_vec4
    %pushi/vec4 1668576032, 0, 32; draw_string_vec4
    %concat/vec4; draw_string_vec4
    %pushi/vec4 1651078259, 0, 32; draw_string_vec4
    %concat/vec4; draw_string_vec4
    %pushi/vec4 540095031, 0, 32; draw_string_vec4
    %concat/vec4; draw_string_vec4
    %pushi/vec4 976302646, 0, 32; draw_string_vec4
    %concat/vec4; draw_string_vec4
    %store/vec4 v0000014135e02c30_0, 0, 256;
    %fork TD_input_layer_tb.check_output, S_0000014135c19a70;
    %join;
    %pushi/vec4 0, 0, 1;
    %assign/vec4 v0000014135d336d0_0, 0;
    %wait E_0000014135de8e50;
    %delay 20, 0;
    %pushi/vec4 0, 0, 2;
    %store/vec4 v0000014135c16b10_0, 0, 2;
    %pushi/vec4 3638488640, 0, 33;
    %concati/vec4 3336096450, 0, 32;
    %concati/vec4 3840295134, 0, 32;
    %concati/vec4 3941130474, 0, 32;
    %concati/vec4 3896558284, 0, 32;
    %concati/vec4 3905610816, 0, 32;
    %concati/vec4 3267815634, 0, 32;
    %concati/vec4 1986622585, 0, 31;
    %store/vec4 v0000014135e02c30_0, 0, 256;
    %fork TD_input_layer_tb.check_output, S_0000014135c19a70;
    %join;
    %vpi_call/w 3 78 "$display", "INPUT_LAYER TB PASSED" {0 0 0};
    %vpi_call/w 3 79 "$finish" {0 0 0};
    %end;
    .thread T_3;
# The file index is used to find the file name in the following table.
:file_names 5;
    "N/A";
    "<interactive>";
    "-";
    "E:\Git-Repos\ANIDS-VLSI-PROJECT\ANIDS\tb\unit\input_layer_tb.sv";
    "E:\Git-Repos\ANIDS-VLSI-PROJECT\ANIDS\src\core\input_layer.sv";
