#! /c/Source/iverilog-install/bin/vvp
:ivl_version "12.0 (devel)" "(s20150603-1539-g2693dd32b)";
:ivl_delay_selection "TYPICAL";
:vpi_time_precision - 10;
:vpi_module "C:\iverilog\lib\ivl\system.vpi";
:vpi_module "C:\iverilog\lib\ivl\vhdl_sys.vpi";
:vpi_module "C:\iverilog\lib\ivl\vhdl_textio.vpi";
:vpi_module "C:\iverilog\lib\ivl\v2005_math.vpi";
:vpi_module "C:\iverilog\lib\ivl\va_math.vpi";
:vpi_module "C:\iverilog\lib\ivl\v2009.vpi";
S_0000028f334cbda0 .scope package, "$unit" "$unit" 2 1;
 .timescale 0 0;
S_0000028f3349bdf0 .scope module, "output_layer_processing_unit_tb" "output_layer_processing_unit_tb" 3 6;
 .timescale -9 -10;
P_0000028f3349b250 .param/l "ACC_WIDTH" 1 3 13, +C4<00000000000000000000000000001111>;
P_0000028f3349b288 .param/l "BIAS_WIDTH" 1 3 10, +C4<00000000000000000000000000001000>;
P_0000028f3349b2c0 .param/l "COUNTER_WIDTH" 1 3 12, +C4<00000000000000000000000000000111>;
P_0000028f3349b2f8 .param/l "INPUT_WIDTH" 1 3 8, +C4<00000000000000000000000000001000>;
P_0000028f3349b330 .param/l "RESULT_WIDTH" 1 3 11, +C4<00000000000000000000000000001000>;
P_0000028f3349b368 .param/l "WEIGHT_WIDTH" 1 3 9, +C4<00000000000000000000000000001000>;
v0000028f33529210_0 .var "N", 7 0;
v0000028f33528b30_0 .var/s "bias", 7 0;
v0000028f335283b0_0 .var "clk", 0 0;
v0000028f33529990_0 .var "counter", 6 0;
v0000028f33528f90_0 .var "enable", 0 0;
v0000028f335289f0_0 .var/s "hidden_in", 7 0;
v0000028f335293f0_0 .net "ready", 0 0, v0000028f33528450_0;  1 drivers
v0000028f33528db0_0 .var "resetN", 0 0;
v0000028f33529ad0_0 .net/s "result", 7 0, v0000028f335284f0_0;  1 drivers
v0000028f33528810_0 .var/s "weight", 7 0;
S_0000028f3349b910 .scope task, "check_acc" "check_acc" 3 221, 3 221 0, S_0000028f3349bdf0;
 .timescale -9 -10;
v0000028f333b2ee0_0 .var/s "expected_acc", 14 0;
v0000028f333b3ac0_0 .var "test_name", 255 0;
TD_output_layer_processing_unit_tb.check_acc ;
    %load/vec4 v0000028f335297b0_0;
    %load/vec4 v0000028f333b2ee0_0;
    %cmp/ne;
    %jmp/0xz  T_0.0, 6;
    %vpi_call/w 3 227 "$error", "FAIL: %0s | acc=%0d expected_acc=%0d", v0000028f333b3ac0_0, v0000028f335297b0_0, v0000028f333b2ee0_0 {0 0 0};
    %vpi_call/w 3 228 "$finish" {0 0 0};
    %jmp T_0.1;
T_0.0 ;
    %vpi_call/w 3 231 "$display", "PASS: %0s", v0000028f333b3ac0_0 {0 0 0};
T_0.1 ;
    %end;
S_0000028f333ae790 .scope task, "check_outputs" "check_outputs" 3 204, 3 204 0, S_0000028f3349bdf0;
 .timescale -9 -10;
v0000028f333b38e0_0 .var "expected_ready", 0 0;
v0000028f333b2e40_0 .var/s "expected_result", 7 0;
v0000028f333b3840_0 .var "test_name", 255 0;
TD_output_layer_processing_unit_tb.check_outputs ;
    %load/vec4 v0000028f335293f0_0;
    %load/vec4 v0000028f333b38e0_0;
    %cmp/ne;
    %jmp/1 T_1.4, 6;
    %flag_mov 8, 6;
    %load/vec4 v0000028f33529ad0_0;
    %load/vec4 v0000028f333b2e40_0;
    %cmp/ne;
    %flag_or 6, 8;
T_1.4;
    %jmp/0xz  T_1.2, 6;
    %vpi_call/w 3 211 "$error", "FAIL: %0s | ready=%0b expected_ready=%0b result=%0d expected_result=%0d", v0000028f333b3840_0, v0000028f335293f0_0, v0000028f333b38e0_0, v0000028f33529ad0_0, v0000028f333b2e40_0 {0 0 0};
    %vpi_call/w 3 213 "$finish" {0 0 0};
    %jmp T_1.3;
T_1.2 ;
    %vpi_call/w 3 216 "$display", "PASS: %0s", v0000028f333b3840_0 {0 0 0};
T_1.3 ;
    %end;
S_0000028f333ae920 .scope module, "dut" "output_layer_processing_unit" 3 26, 4 4 0, S_0000028f3349bdf0;
 .timescale -9 -10;
    .port_info 0 /INPUT 1 "clk";
    .port_info 1 /INPUT 1 "resetN";
    .port_info 2 /INPUT 1 "enable";
    .port_info 3 /INPUT 8 "N";
    .port_info 4 /INPUT 7 "counter";
    .port_info 5 /INPUT 8 "hidden_in";
    .port_info 6 /INPUT 8 "weight";
    .port_info 7 /INPUT 8 "bias";
    .port_info 8 /OUTPUT 8 "result";
    .port_info 9 /OUTPUT 1 "ready";
P_0000028f333aaf30 .param/l "ACC_WIDTH" 0 4 24, +C4<00000000000000000000000000001111>;
P_0000028f333aaf68 .param/l "BIAS_WIDTH" 0 4 19, +C4<00000000000000000000000000001000>;
P_0000028f333aafa0 .param/l "COUNTER_WIDTH" 0 4 21, +C4<00000000000000000000000000000111>;
P_0000028f333aafd8 .param/l "INPUT_WIDTH" 0 4 17, +C4<00000000000000000000000000001000>;
P_0000028f333ab010 .param/l "PRODUCT_WIDTH" 0 4 22, +C4<00000000000000000000000000010000>;
P_0000028f333ab048 .param/l "RESULT_WIDTH" 0 4 20, +C4<00000000000000000000000000001000>;
P_0000028f333ab080 .param/l "TRUNC_PRODUCT_WIDTH" 0 4 23, +C4<00000000000000000000000000001000>;
P_0000028f333ab0b8 .param/l "WEIGHT_WIDTH" 0 4 18, +C4<00000000000000000000000000001000>;
v0000028f333b2c60_0 .net "N", 7 0, v0000028f33529210_0;  1 drivers
v0000028f333b3980_0 .net *"_ivl_0", 7 0, L_0000028f33528bd0;  1 drivers
v0000028f333b3a20_0 .net/s *"_ivl_12", 15 0, L_0000028f33528e50;  1 drivers
v0000028f333b2d00_0 .net/s *"_ivl_14", 15 0, L_0000028f33529030;  1 drivers
v0000028f333b3020_0 .net *"_ivl_2", 6 0, L_0000028f33528950;  1 drivers
v0000028f333b33e0_0 .net *"_ivl_21", 0 0, L_0000028f33529710;  1 drivers
v0000028f333b3160_0 .net *"_ivl_22", 6 0, L_0000028f33529df0;  1 drivers
v0000028f33528c70_0 .net *"_ivl_24", 14 0, L_0000028f33529e90;  1 drivers
v0000028f335288b0_0 .net *"_ivl_31", 0 0, L_0000028f33573370;  1 drivers
v0000028f33529350_0 .net *"_ivl_32", 8 0, L_0000028f33573550;  1 drivers
v0000028f33528d10_0 .net *"_ivl_35", 0 0, L_0000028f33573f50;  1 drivers
v0000028f33528770_0 .net *"_ivl_36", 8 0, L_0000028f335728d0;  1 drivers
L_0000028f3352a058 .functor BUFT 1, C4<0>, C4<0>, C4<0>, C4<0>;
v0000028f33528a90_0 .net *"_ivl_4", 0 0, L_0000028f3352a058;  1 drivers
L_0000028f3352a0a0 .functor BUFT 1, C4<00000001>, C4<0>, C4<0>, C4<0>;
v0000028f33529170_0 .net/2u *"_ivl_6", 7 0, L_0000028f3352a0a0;  1 drivers
v0000028f33528310_0 .net *"_ivl_8", 7 0, L_0000028f33529cb0;  1 drivers
v0000028f335297b0_0 .var/s "acc", 14 0;
v0000028f33529670_0 .net/s "acc_next", 14 0, L_0000028f33529f30;  1 drivers
v0000028f33528090_0 .net/s "bias", 7 0, v0000028f33528b30_0;  1 drivers
v0000028f33528ef0_0 .net/s "biased_sum", 8 0, L_0000028f33572290;  1 drivers
v0000028f335292b0_0 .net "clk", 0 0, v0000028f335283b0_0;  1 drivers
v0000028f33529c10_0 .net "counter", 6 0, v0000028f33529990_0;  1 drivers
v0000028f33529530_0 .net "enable", 0 0, v0000028f33528f90_0;  1 drivers
v0000028f33528130_0 .net/s "hidden_in", 7 0, v0000028f335289f0_0;  1 drivers
v0000028f335286d0_0 .net "last_step_index", 6 0, L_0000028f335295d0;  1 drivers
v0000028f33528590_0 .net/s "product_full", 15 0, L_0000028f33529490;  1 drivers
v0000028f33528270_0 .net/s "product_q07", 7 0, L_0000028f33529b70;  1 drivers
v0000028f33528450_0 .var "ready", 0 0;
v0000028f335290d0_0 .net "resetN", 0 0, v0000028f33528db0_0;  1 drivers
v0000028f335284f0_0 .var/s "result", 7 0;
v0000028f33528630_0 .var/s "sat_result", 7 0;
v0000028f335298f0_0 .net/s "trunc8", 7 0, L_0000028f335281d0;  1 drivers
v0000028f33529850_0 .net/s "weight", 7 0, v0000028f33528810_0;  1 drivers
E_0000028f334b2e70/0 .event negedge, v0000028f335290d0_0;
E_0000028f334b2e70/1 .event posedge, v0000028f335292b0_0;
E_0000028f334b2e70 .event/or E_0000028f334b2e70/0, E_0000028f334b2e70/1;
E_0000028f334b28b0 .event anyedge, v0000028f33528ef0_0;
L_0000028f33528950 .part v0000028f33529210_0, 1, 7;
L_0000028f33528bd0 .concat [ 7 1 0 0], L_0000028f33528950, L_0000028f3352a058;
L_0000028f33529cb0 .arith/sub 8, L_0000028f33528bd0, L_0000028f3352a0a0;
L_0000028f335295d0 .part L_0000028f33529cb0, 0, 7;
L_0000028f33528e50 .extend/s 16, v0000028f335289f0_0;
L_0000028f33529030 .extend/s 16, v0000028f33528810_0;
L_0000028f33529490 .arith/mult 16, L_0000028f33528e50, L_0000028f33529030;
L_0000028f33529b70 .part L_0000028f33529490, 7, 8;
L_0000028f33529710 .part L_0000028f33529b70, 7, 1;
LS_0000028f33529df0_0_0 .concat [ 1 1 1 1], L_0000028f33529710, L_0000028f33529710, L_0000028f33529710, L_0000028f33529710;
LS_0000028f33529df0_0_4 .concat [ 1 1 1 0], L_0000028f33529710, L_0000028f33529710, L_0000028f33529710;
L_0000028f33529df0 .concat [ 4 3 0 0], LS_0000028f33529df0_0_0, LS_0000028f33529df0_0_4;
L_0000028f33529e90 .concat [ 8 7 0 0], L_0000028f33529b70, L_0000028f33529df0;
L_0000028f33529f30 .arith/sum 15, v0000028f335297b0_0, L_0000028f33529e90;
L_0000028f335281d0 .part L_0000028f33529f30, 7, 8;
L_0000028f33573370 .part L_0000028f335281d0, 7, 1;
L_0000028f33573550 .concat [ 8 1 0 0], L_0000028f335281d0, L_0000028f33573370;
L_0000028f33573f50 .part v0000028f33528b30_0, 7, 1;
L_0000028f335728d0 .concat [ 8 1 0 0], v0000028f33528b30_0, L_0000028f33573f50;
L_0000028f33572290 .arith/sum 9, L_0000028f33573550, L_0000028f335728d0;
S_0000028f333ab100 .scope task, "run_basic_math_test" "run_basic_math_test" 3 73, 3 73 0, S_0000028f3349bdf0;
 .timescale -9 -10;
E_0000028f334b2770 .event posedge, v0000028f335292b0_0;
TD_output_layer_processing_unit_tb.run_basic_math_test ;
    %vpi_call/w 3 75 "$display", "SECTION: basic math" {0 0 0};
    %pushi/vec4 1, 0, 1;
    %store/vec4 v0000028f33528f90_0, 0, 1;
    %pushi/vec4 4, 0, 8;
    %store/vec4 v0000028f33529210_0, 0, 8;
    %pushi/vec4 1, 0, 8;
    %store/vec4 v0000028f33528b30_0, 0, 8;
    %pushi/vec4 0, 0, 7;
    %store/vec4 v0000028f33529990_0, 0, 7;
    %pushi/vec4 64, 0, 8;
    %store/vec4 v0000028f335289f0_0, 0, 8;
    %pushi/vec4 64, 0, 8;
    %store/vec4 v0000028f33528810_0, 0, 8;
    %wait E_0000028f334b2770;
    %delay 20, 0;
    %pushi/vec4 32, 0, 15;
    %store/vec4 v0000028f333b2ee0_0, 0, 15;
    %pushi/vec4 3906133724, 0, 33;
    %concati/vec4 2175126657, 0, 33;
    %concati/vec4 2240646613, 0, 32;
    %concati/vec4 3050680709, 0, 32;
    %concati/vec4 3516240001, 0, 32;
    %concati/vec4 2780332477, 0, 32;
    %concati/vec4 3113517453, 0, 32;
    %concati/vec4 962817125, 0, 30;
    %store/vec4 v0000028f333b3ac0_0, 0, 256;
    %fork TD_output_layer_processing_unit_tb.check_acc, S_0000028f3349b910;
    %join;
    %pushi/vec4 0, 0, 1;
    %store/vec4 v0000028f333b38e0_0, 0, 1;
    %pushi/vec4 0, 0, 8;
    %store/vec4 v0000028f333b2e40_0, 0, 8;
    %pushi/vec4 3270698560, 0, 33;
    %concati/vec4 3940337360, 0, 32;
    %concati/vec4 3269250762, 0, 32;
    %concati/vec4 3359687882, 0, 32;
    %concati/vec4 3437159626, 0, 32;
    %concati/vec4 2174330297, 0, 33;
    %concati/vec4 2242937229, 0, 32;
    %concati/vec4 962817125, 0, 30;
    %store/vec4 v0000028f333b3840_0, 0, 256;
    %fork TD_output_layer_processing_unit_tb.check_outputs, S_0000028f333ae790;
    %join;
    %pushi/vec4 1, 0, 7;
    %store/vec4 v0000028f33529990_0, 0, 7;
    %pushi/vec4 64, 0, 8;
    %store/vec4 v0000028f335289f0_0, 0, 8;
    %pushi/vec4 64, 0, 8;
    %store/vec4 v0000028f33528810_0, 0, 8;
    %wait E_0000028f334b2770;
    %delay 20, 0;
    %pushi/vec4 1, 0, 1;
    %store/vec4 v0000028f333b38e0_0, 0, 1;
    %pushi/vec4 1, 0, 8;
    %store/vec4 v0000028f333b2e40_0, 0, 8;
    %pushi/vec4 3863011556, 0, 33;
    %concati/vec4 3737709254, 0, 32;
    %concati/vec4 3393243888, 0, 32;
    %concati/vec4 3771385576, 0, 32;
    %concati/vec4 3402121412, 0, 32;
    %concati/vec4 3535988426, 0, 32;
    %concati/vec4 3359696074, 0, 32;
    %concati/vec4 1937075316, 0, 31;
    %store/vec4 v0000028f333b3840_0, 0, 256;
    %fork TD_output_layer_processing_unit_tb.check_outputs, S_0000028f333ae790;
    %join;
    %pushi/vec4 0, 0, 15;
    %store/vec4 v0000028f333b2ee0_0, 0, 15;
    %pushi/vec4 3672824002, 0, 33;
    %concati/vec4 3906921536, 0, 32;
    %concati/vec4 3336096450, 0, 32;
    %concati/vec4 3840295106, 0, 32;
    %concati/vec4 3437808356, 0, 32;
    %concati/vec4 2174330297, 0, 33;
    %concati/vec4 2242937229, 0, 32;
    %concati/vec4 962817125, 0, 30;
    %store/vec4 v0000028f333b3ac0_0, 0, 256;
    %fork TD_output_layer_processing_unit_tb.check_acc, S_0000028f3349b910;
    %join;
    %end;
S_0000028f333b3b80 .scope task, "run_disable_reset_test" "run_disable_reset_test" 3 118, 3 118 0, S_0000028f3349bdf0;
 .timescale -9 -10;
TD_output_layer_processing_unit_tb.run_disable_reset_test ;
    %vpi_call/w 3 120 "$display", "SECTION: disable behavior" {0 0 0};
    %pushi/vec4 0, 0, 1;
    %store/vec4 v0000028f33528f90_0, 0, 1;
    %pushi/vec4 0, 0, 7;
    %store/vec4 v0000028f33529990_0, 0, 7;
    %pushi/vec4 64, 0, 8;
    %store/vec4 v0000028f335289f0_0, 0, 8;
    %pushi/vec4 64, 0, 8;
    %store/vec4 v0000028f33528810_0, 0, 8;
    %wait E_0000028f334b2770;
    %delay 20, 0;
    %pushi/vec4 0, 0, 1;
    %store/vec4 v0000028f333b38e0_0, 0, 1;
    %pushi/vec4 0, 0, 8;
    %store/vec4 v0000028f333b2e40_0, 0, 8;
    %pushi/vec4 0, 0, 32; draw_string_vec4
    %pushi/vec4 1919246692, 0, 32; draw_string_vec4
    %concat/vec4; draw_string_vec4
    %pushi/vec4 2032166002, 0, 32; draw_string_vec4
    %concat/vec4; draw_string_vec4
    %pushi/vec4 1869640480, 0, 32; draw_string_vec4
    %concat/vec4; draw_string_vec4
    %pushi/vec4 1634104421, 0, 32; draw_string_vec4
    %concat/vec4; draw_string_vec4
    %pushi/vec4 1914725231, 0, 32; draw_string_vec4
    %concat/vec4; draw_string_vec4
    %pushi/vec4 1836084325, 0, 32; draw_string_vec4
    %concat/vec4; draw_string_vec4
    %pushi/vec4 1953066862, 0, 32; draw_string_vec4
    %concat/vec4; draw_string_vec4
    %store/vec4 v0000028f333b3840_0, 0, 256;
    %fork TD_output_layer_processing_unit_tb.check_outputs, S_0000028f333ae790;
    %join;
    %pushi/vec4 0, 0, 1;
    %store/vec4 v0000028f333b38e0_0, 0, 1;
    %pushi/vec4 0, 0, 8;
    %store/vec4 v0000028f333b2e40_0, 0, 8;
    %pushi/vec4 3404131032, 0, 33;
    %concati/vec4 3896561886, 0, 32;
    %concati/vec4 3637044800, 0, 32;
    %concati/vec4 4006660828, 0, 32;
    %concati/vec4 2174073221, 0, 33;
    %concati/vec4 2310116481, 0, 32;
    %concati/vec4 2646447564, 0, 32;
    %concati/vec4 543977335, 0, 30;
    %store/vec4 v0000028f333b3840_0, 0, 256;
    %fork TD_output_layer_processing_unit_tb.check_outputs, S_0000028f333ae790;
    %join;
    %pushi/vec4 1, 0, 1;
    %store/vec4 v0000028f33528f90_0, 0, 1;
    %pushi/vec4 4, 0, 8;
    %store/vec4 v0000028f33529210_0, 0, 8;
    %pushi/vec4 0, 0, 8;
    %store/vec4 v0000028f33528b30_0, 0, 8;
    %pushi/vec4 0, 0, 7;
    %store/vec4 v0000028f33529990_0, 0, 7;
    %pushi/vec4 64, 0, 8;
    %store/vec4 v0000028f335289f0_0, 0, 8;
    %pushi/vec4 64, 0, 8;
    %store/vec4 v0000028f33528810_0, 0, 8;
    %wait E_0000028f334b2770;
    %delay 20, 0;
    %pushi/vec4 32, 0, 15;
    %store/vec4 v0000028f333b2ee0_0, 0, 15;
    %pushi/vec4 3838502632, 0, 33;
    %concati/vec4 3269781734, 0, 32;
    %concati/vec4 2173546901, 0, 33;
    %concati/vec4 2243539428, 0, 32;
    %concati/vec4 2173016529, 0, 32;
    %concati/vec4 2512945609, 0, 32;
    %concati/vec4 2494928313, 0, 32;
    %concati/vec4 560098405, 0, 30;
    %store/vec4 v0000028f333b3ac0_0, 0, 256;
    %fork TD_output_layer_processing_unit_tb.check_acc, S_0000028f3349b910;
    %join;
    %pushi/vec4 0, 0, 1;
    %store/vec4 v0000028f33528f90_0, 0, 1;
    %wait E_0000028f334b2770;
    %delay 20, 0;
    %pushi/vec4 0, 0, 15;
    %store/vec4 v0000028f333b2ee0_0, 0, 15;
    %pushi/vec4 2173546901, 0, 34;
    %concati/vec4 2244594817, 0, 32;
    %concati/vec4 2780345793, 0, 32;
    %concati/vec4 3384647113, 0, 32;
    %concati/vec4 2513292417, 0, 32;
    %concati/vec4 2240646613, 0, 32;
    %concati/vec4 3050680709, 0, 32;
    %concati/vec4 879325038, 0, 30;
    %store/vec4 v0000028f333b3ac0_0, 0, 256;
    %fork TD_output_layer_processing_unit_tb.check_acc, S_0000028f3349b910;
    %join;
    %end;
S_0000028f333b3d10 .scope task, "run_negative_saturation_test" "run_negative_saturation_test" 3 176, 3 176 0, S_0000028f3349bdf0;
 .timescale -9 -10;
v0000028f33529a30_0 .var/i "i", 31 0;
TD_output_layer_processing_unit_tb.run_negative_saturation_test ;
    %vpi_call/w 3 179 "$display", "SECTION: negative saturation" {0 0 0};
    %pushi/vec4 0, 0, 1;
    %store/vec4 v0000028f33528f90_0, 0, 1;
    %wait E_0000028f334b2770;
    %delay 20, 0;
    %pushi/vec4 1, 0, 1;
    %store/vec4 v0000028f33528f90_0, 0, 1;
    %pushi/vec4 128, 0, 8;
    %store/vec4 v0000028f33529210_0, 0, 8;
    %pushi/vec4 129, 0, 8;
    %store/vec4 v0000028f33528b30_0, 0, 8;
    %pushi/vec4 128, 0, 8;
    %store/vec4 v0000028f335289f0_0, 0, 8;
    %pushi/vec4 127, 0, 8;
    %store/vec4 v0000028f33528810_0, 0, 8;
    %pushi/vec4 0, 0, 7;
    %store/vec4 v0000028f33529990_0, 0, 7;
    %pushi/vec4 0, 0, 32;
    %store/vec4 v0000028f33529a30_0, 0, 32;
T_4.5 ;
    %load/vec4 v0000028f33529a30_0;
    %cmpi/s 63, 0, 32;
    %jmp/0xz T_4.6, 5;
    %wait E_0000028f334b2770;
    %delay 20, 0;
    %load/vec4 v0000028f33529990_0;
    %addi 1, 0, 7;
    %store/vec4 v0000028f33529990_0, 0, 7;
    %load/vec4 v0000028f33529a30_0;
    %addi 1, 0, 32;
    %store/vec4 v0000028f33529a30_0, 0, 32;
    %jmp T_4.5;
T_4.6 ;
    %wait E_0000028f334b2770;
    %delay 20, 0;
    %pushi/vec4 1, 0, 1;
    %store/vec4 v0000028f333b38e0_0, 0, 1;
    %pushi/vec4 128, 0, 8;
    %store/vec4 v0000028f333b2e40_0, 0, 8;
    %pushi/vec4 3270038252, 0, 33;
    %concati/vec4 3393249004, 0, 32;
    %concati/vec4 3403992280, 0, 32;
    %concati/vec4 3740156134, 0, 32;
    %concati/vec4 3270044388, 0, 32;
    %concati/vec4 3270036198, 0, 32;
    %concati/vec4 2173030528, 0, 33;
    %concati/vec4 758198840, 0, 30;
    %store/vec4 v0000028f333b3840_0, 0, 256;
    %fork TD_output_layer_processing_unit_tb.check_outputs, S_0000028f333ae790;
    %join;
    %pushi/vec4 0, 0, 15;
    %store/vec4 v0000028f333b2ee0_0, 0, 15;
    %pushi/vec4 3336096450, 0, 33;
    %concati/vec4 3840295106, 0, 32;
    %concati/vec4 3437808356, 0, 32;
    %concati/vec4 2176423325, 0, 33;
    %concati/vec4 2245109209, 0, 32;
    %concati/vec4 2491534725, 0, 32;
    %concati/vec4 3520448901, 0, 32;
    %concati/vec4 879325038, 0, 30;
    %store/vec4 v0000028f333b3ac0_0, 0, 256;
    %fork TD_output_layer_processing_unit_tb.check_acc, S_0000028f3349b910;
    %join;
    %end;
S_0000028f334500d0 .scope task, "run_one_cycle_step_test" "run_one_cycle_step_test" 3 97, 3 97 0, S_0000028f3349bdf0;
 .timescale -9 -10;
TD_output_layer_processing_unit_tb.run_one_cycle_step_test ;
    %vpi_call/w 3 99 "$display", "SECTION: one-cycle completion" {0 0 0};
    %pushi/vec4 0, 0, 1;
    %store/vec4 v0000028f33528f90_0, 0, 1;
    %pushi/vec4 0, 0, 7;
    %store/vec4 v0000028f33529990_0, 0, 7;
    %wait E_0000028f334b2770;
    %delay 20, 0;
    %pushi/vec4 1, 0, 1;
    %store/vec4 v0000028f33528f90_0, 0, 1;
    %pushi/vec4 2, 0, 8;
    %store/vec4 v0000028f33529210_0, 0, 8;
    %pushi/vec4 0, 0, 7;
    %store/vec4 v0000028f33529990_0, 0, 7;
    %pushi/vec4 0, 0, 8;
    %store/vec4 v0000028f33528b30_0, 0, 8;
    %pushi/vec4 127, 0, 8;
    %store/vec4 v0000028f335289f0_0, 0, 8;
    %pushi/vec4 64, 0, 8;
    %store/vec4 v0000028f33528810_0, 0, 8;
    %wait E_0000028f334b2770;
    %delay 20, 0;
    %pushi/vec4 1, 0, 1;
    %store/vec4 v0000028f333b38e0_0, 0, 1;
    %pushi/vec4 0, 0, 8;
    %store/vec4 v0000028f333b2e40_0, 0, 8;
    %pushi/vec4 3270038238, 0, 33;
    %concati/vec4 3695240936, 0, 32;
    %concati/vec4 3403694284, 0, 32;
    %concati/vec4 3537687270, 0, 32;
    %concati/vec4 3502958144, 0, 32;
    %concati/vec4 3537649886, 0, 32;
    %concati/vec4 3704242374, 0, 32;
    %concati/vec4 2036558949, 0, 31;
    %store/vec4 v0000028f333b3840_0, 0, 256;
    %fork TD_output_layer_processing_unit_tb.check_outputs, S_0000028f333ae790;
    %join;
    %pushi/vec4 0, 0, 15;
    %store/vec4 v0000028f333b2ee0_0, 0, 15;
    %pushi/vec4 3637133510, 0, 33;
    %concati/vec4 3738886360, 0, 32;
    %concati/vec4 3404255966, 0, 32;
    %concati/vec4 3695232728, 0, 32;
    %concati/vec4 3401770214, 0, 32;
    %concati/vec4 2173013389, 0, 33;
    %concati/vec4 3585463729, 0, 32;
    %concati/vec4 561278834, 0, 30;
    %store/vec4 v0000028f333b3ac0_0, 0, 256;
    %fork TD_output_layer_processing_unit_tb.check_acc, S_0000028f3349b910;
    %join;
    %end;
S_0000028f33450260 .scope task, "run_positive_saturation_test" "run_positive_saturation_test" 3 147, 3 147 0, S_0000028f3349bdf0;
 .timescale -9 -10;
v0000028f33529d50_0 .var/i "i", 31 0;
TD_output_layer_processing_unit_tb.run_positive_saturation_test ;
    %vpi_call/w 3 150 "$display", "SECTION: positive saturation" {0 0 0};
    %pushi/vec4 0, 0, 1;
    %store/vec4 v0000028f33528f90_0, 0, 1;
    %wait E_0000028f334b2770;
    %delay 20, 0;
    %pushi/vec4 1, 0, 1;
    %store/vec4 v0000028f33528f90_0, 0, 1;
    %pushi/vec4 128, 0, 8;
    %store/vec4 v0000028f33529210_0, 0, 8;
    %pushi/vec4 127, 0, 8;
    %store/vec4 v0000028f33528b30_0, 0, 8;
    %pushi/vec4 127, 0, 8;
    %store/vec4 v0000028f335289f0_0, 0, 8;
    %pushi/vec4 127, 0, 8;
    %store/vec4 v0000028f33528810_0, 0, 8;
    %pushi/vec4 0, 0, 7;
    %store/vec4 v0000028f33529990_0, 0, 7;
    %pushi/vec4 0, 0, 32;
    %store/vec4 v0000028f33529d50_0, 0, 32;
T_6.7 ;
    %load/vec4 v0000028f33529d50_0;
    %cmpi/s 63, 0, 32;
    %jmp/0xz T_6.8, 5;
    %wait E_0000028f334b2770;
    %delay 20, 0;
    %pushi/vec4 0, 0, 1;
    %store/vec4 v0000028f333b38e0_0, 0, 1;
    %load/vec4 v0000028f33529ad0_0;
    %store/vec4 v0000028f333b2e40_0, 0, 8;
    %pushi/vec4 3738976486, 0, 33;
    %concati/vec4 3905090278, 0, 32;
    %concati/vec4 2173294029, 0, 33;
    %concati/vec4 3833694613, 0, 32;
    %concati/vec4 2579351956, 0, 32;
    %concati/vec4 2174330297, 0, 32;
    %concati/vec4 2242937229, 0, 32;
    %concati/vec4 962817125, 0, 30;
    %store/vec4 v0000028f333b3840_0, 0, 256;
    %fork TD_output_layer_processing_unit_tb.check_outputs, S_0000028f333ae790;
    %join;
    %load/vec4 v0000028f33529990_0;
    %addi 1, 0, 7;
    %store/vec4 v0000028f33529990_0, 0, 7;
    %load/vec4 v0000028f33529d50_0;
    %addi 1, 0, 32;
    %store/vec4 v0000028f33529d50_0, 0, 32;
    %jmp T_6.7;
T_6.8 ;
    %wait E_0000028f334b2770;
    %delay 20, 0;
    %pushi/vec4 1, 0, 1;
    %store/vec4 v0000028f333b38e0_0, 0, 1;
    %pushi/vec4 127, 0, 8;
    %store/vec4 v0000028f333b2e40_0, 0, 8;
    %pushi/vec4 3538473708, 0, 33;
    %concati/vec4 3393249004, 0, 32;
    %concati/vec4 3403992280, 0, 32;
    %concati/vec4 3740156134, 0, 32;
    %concati/vec4 3270044388, 0, 32;
    %concati/vec4 3270036198, 0, 32;
    %concati/vec4 2173030528, 0, 33;
    %concati/vec4 724644407, 0, 30;
    %store/vec4 v0000028f333b3840_0, 0, 256;
    %fork TD_output_layer_processing_unit_tb.check_outputs, S_0000028f333ae790;
    %join;
    %pushi/vec4 0, 0, 15;
    %store/vec4 v0000028f333b2ee0_0, 0, 15;
    %pushi/vec4 3336096450, 0, 33;
    %concati/vec4 3840295106, 0, 32;
    %concati/vec4 3437808356, 0, 32;
    %concati/vec4 2176957901, 0, 33;
    %concati/vec4 2781980121, 0, 32;
    %concati/vec4 2491534725, 0, 32;
    %concati/vec4 3520448901, 0, 32;
    %concati/vec4 879325038, 0, 30;
    %store/vec4 v0000028f333b3ac0_0, 0, 256;
    %fork TD_output_layer_processing_unit_tb.check_acc, S_0000028f3349b910;
    %join;
    %end;
    .scope S_0000028f333ae920;
T_7 ;
    %wait E_0000028f334b28b0;
    %load/vec4 v0000028f33528ef0_0;
    %cmpi/s 127, 0, 9;
    %flag_or 5, 4; GT is !LE
    %flag_inv 5;
    %jmp/0xz  T_7.0, 5;
    %pushi/vec4 127, 0, 8;
    %store/vec4 v0000028f33528630_0, 0, 8;
    %jmp T_7.1;
T_7.0 ;
    %load/vec4 v0000028f33528ef0_0;
    %cmpi/s 384, 0, 9;
    %jmp/0xz  T_7.2, 5;
    %pushi/vec4 128, 0, 8;
    %store/vec4 v0000028f33528630_0, 0, 8;
    %jmp T_7.3;
T_7.2 ;
    %load/vec4 v0000028f33528ef0_0;
    %parti/s 8, 0, 2;
    %store/vec4 v0000028f33528630_0, 0, 8;
T_7.3 ;
T_7.1 ;
    %jmp T_7;
    .thread T_7, $push;
    .scope S_0000028f333ae920;
T_8 ;
    %wait E_0000028f334b2e70;
    %load/vec4 v0000028f335290d0_0;
    %nor/r;
    %flag_set/vec4 8;
    %jmp/0xz  T_8.0, 8;
    %pushi/vec4 0, 0, 15;
    %assign/vec4 v0000028f335297b0_0, 10;
    %pushi/vec4 0, 0, 8;
    %assign/vec4 v0000028f335284f0_0, 10;
    %pushi/vec4 0, 0, 1;
    %assign/vec4 v0000028f33528450_0, 10;
    %jmp T_8.1;
T_8.0 ;
    %load/vec4 v0000028f33529530_0;
    %nor/r;
    %flag_set/vec4 8;
    %jmp/0xz  T_8.2, 8;
    %pushi/vec4 0, 0, 15;
    %assign/vec4 v0000028f335297b0_0, 10;
    %pushi/vec4 0, 0, 1;
    %assign/vec4 v0000028f33528450_0, 10;
    %jmp T_8.3;
T_8.2 ;
    %pushi/vec4 0, 0, 1;
    %assign/vec4 v0000028f33528450_0, 10;
    %load/vec4 v0000028f33529c10_0;
    %load/vec4 v0000028f335286d0_0;
    %cmp/e;
    %jmp/0xz  T_8.4, 4;
    %pushi/vec4 0, 0, 15;
    %assign/vec4 v0000028f335297b0_0, 10;
    %load/vec4 v0000028f33528630_0;
    %assign/vec4 v0000028f335284f0_0, 10;
    %pushi/vec4 1, 0, 1;
    %assign/vec4 v0000028f33528450_0, 10;
    %jmp T_8.5;
T_8.4 ;
    %load/vec4 v0000028f33529670_0;
    %assign/vec4 v0000028f335297b0_0, 10;
T_8.5 ;
T_8.3 ;
T_8.1 ;
    %jmp T_8;
    .thread T_8;
    .scope S_0000028f3349bdf0;
T_9 ;
    %delay 25, 0;
    %load/vec4 v0000028f335283b0_0;
    %inv;
    %store/vec4 v0000028f335283b0_0, 0, 1;
    %jmp T_9;
    .thread T_9;
    .scope S_0000028f3349bdf0;
T_10 ;
    %vpi_call/w 3 42 "$dumpfile", "output_layer_processing_unit_tb.vcd" {0 0 0};
    %vpi_call/w 3 43 "$dumpvars", 32'sb00000000000000000000000000000000, S_0000028f3349bdf0 {0 0 0};
    %pushi/vec4 0, 0, 1;
    %store/vec4 v0000028f335283b0_0, 0, 1;
    %pushi/vec4 0, 0, 1;
    %store/vec4 v0000028f33528db0_0, 0, 1;
    %pushi/vec4 0, 0, 1;
    %store/vec4 v0000028f33528f90_0, 0, 1;
    %pushi/vec4 4, 0, 8;
    %store/vec4 v0000028f33529210_0, 0, 8;
    %pushi/vec4 0, 0, 7;
    %store/vec4 v0000028f33529990_0, 0, 7;
    %pushi/vec4 0, 0, 8;
    %store/vec4 v0000028f335289f0_0, 0, 8;
    %pushi/vec4 0, 0, 8;
    %store/vec4 v0000028f33528810_0, 0, 8;
    %pushi/vec4 0, 0, 8;
    %store/vec4 v0000028f33528b30_0, 0, 8;
    %delay 20, 0;
    %pushi/vec4 0, 0, 1;
    %store/vec4 v0000028f333b38e0_0, 0, 1;
    %pushi/vec4 0, 0, 8;
    %store/vec4 v0000028f333b2e40_0, 0, 8;
    %pushi/vec4 0, 0, 32; draw_string_vec4
    %pushi/vec4 0, 0, 32; draw_string_vec4
    %concat/vec4; draw_string_vec4
    %pushi/vec4 0, 0, 32; draw_string_vec4
    %concat/vec4; draw_string_vec4
    %pushi/vec4 1919251301, 0, 32; draw_string_vec4
    %concat/vec4; draw_string_vec4
    %pushi/vec4 1948279660, 0, 32; draw_string_vec4
    %concat/vec4; draw_string_vec4
    %pushi/vec4 1700885107, 0, 32; draw_string_vec4
    %concat/vec4; draw_string_vec4
    %pushi/vec4 544175476, 0, 32; draw_string_vec4
    %concat/vec4; draw_string_vec4
    %pushi/vec4 1886745715, 0, 32; draw_string_vec4
    %concat/vec4; draw_string_vec4
    %store/vec4 v0000028f333b3840_0, 0, 256;
    %fork TD_output_layer_processing_unit_tb.check_outputs, S_0000028f333ae790;
    %join;
    %pushi/vec4 0, 0, 15;
    %store/vec4 v0000028f333b2ee0_0, 0, 15;
    %pushi/vec4 0, 0, 32; draw_string_vec4
    %pushi/vec4 0, 0, 32; draw_string_vec4
    %concat/vec4; draw_string_vec4
    %pushi/vec4 1919251301, 0, 32; draw_string_vec4
    %concat/vec4; draw_string_vec4
    %pushi/vec4 1948279660, 0, 32; draw_string_vec4
    %concat/vec4; draw_string_vec4
    %pushi/vec4 1700885107, 0, 32; draw_string_vec4
    %concat/vec4; draw_string_vec4
    %pushi/vec4 543253347, 0, 32; draw_string_vec4
    %concat/vec4; draw_string_vec4
    %pushi/vec4 1970107756, 0, 32; draw_string_vec4
    %concat/vec4; draw_string_vec4
    %pushi/vec4 1635020658, 0, 32; draw_string_vec4
    %concat/vec4; draw_string_vec4
    %store/vec4 v0000028f333b3ac0_0, 0, 256;
    %fork TD_output_layer_processing_unit_tb.check_acc, S_0000028f3349b910;
    %join;
    %pushi/vec4 1, 0, 1;
    %store/vec4 v0000028f33528db0_0, 0, 1;
    %wait E_0000028f334b2770;
    %delay 20, 0;
    %pushi/vec4 0, 0, 1;
    %store/vec4 v0000028f333b38e0_0, 0, 1;
    %pushi/vec4 0, 0, 8;
    %store/vec4 v0000028f333b2e40_0, 0, 8;
    %pushi/vec4 0, 0, 32; draw_string_vec4
    %pushi/vec4 0, 0, 32; draw_string_vec4
    %concat/vec4; draw_string_vec4
    %pushi/vec4 0, 0, 32; draw_string_vec4
    %concat/vec4; draw_string_vec4
    %pushi/vec4 0, 0, 32; draw_string_vec4
    %concat/vec4; draw_string_vec4
    %pushi/vec4 1768189029, 0, 32; draw_string_vec4
    %concat/vec4; draw_string_vec4
    %pushi/vec4 543254132, 0, 32; draw_string_vec4
    %concat/vec4; draw_string_vec4
    %pushi/vec4 1701978226, 0, 32; draw_string_vec4
    %concat/vec4; draw_string_vec4
    %pushi/vec4 1702061428, 0, 32; draw_string_vec4
    %concat/vec4; draw_string_vec4
    %store/vec4 v0000028f333b3840_0, 0, 256;
    %fork TD_output_layer_processing_unit_tb.check_outputs, S_0000028f333ae790;
    %join;
    %fork TD_output_layer_processing_unit_tb.run_basic_math_test, S_0000028f333ab100;
    %join;
    %fork TD_output_layer_processing_unit_tb.run_one_cycle_step_test, S_0000028f334500d0;
    %join;
    %fork TD_output_layer_processing_unit_tb.run_disable_reset_test, S_0000028f333b3b80;
    %join;
    %fork TD_output_layer_processing_unit_tb.run_positive_saturation_test, S_0000028f33450260;
    %join;
    %fork TD_output_layer_processing_unit_tb.run_negative_saturation_test, S_0000028f333b3d10;
    %join;
    %vpi_call/w 3 69 "$display", "OUTPUT_LAYER_PROCESSING_UNIT TB PASSED" {0 0 0};
    %vpi_call/w 3 70 "$finish" {0 0 0};
    %end;
    .thread T_10;
# The file index is used to find the file name in the following table.
:file_names 5;
    "N/A";
    "<interactive>";
    "-";
    "E:\Git-Repos\ANIDS-VLSI-PROJECT\ANIDS\tb\unit\output_layer_processing_unit_tb.sv";
    "E:\Git-Repos\ANIDS-VLSI-PROJECT\ANIDS\src\core\output_layer_processing_unit.sv";
