#! /c/Source/iverilog-install/bin/vvp
:ivl_version "12.0 (devel)" "(s20150603-1539-g2693dd32b)";
:ivl_delay_selection "TYPICAL";
:vpi_time_precision - 10;
:vpi_module "C:\iverilog\lib\ivl\system.vpi";
:vpi_module "C:\iverilog\lib\ivl\vhdl_sys.vpi";
:vpi_module "C:\iverilog\lib\ivl\vhdl_textio.vpi";
:vpi_module "C:\iverilog\lib\ivl\v2005_math.vpi";
:vpi_module "C:\iverilog\lib\ivl\va_math.vpi";
:vpi_module "C:\iverilog\lib\ivl\v2009.vpi";
S_000002df03a524f0 .scope package, "$unit" "$unit" 2 1;
 .timescale 0 0;
S_000002df0363bd60 .scope module, "lut_ram_tb" "lut_ram_tb" 3 6;
 .timescale -9 -10;
P_000002df039e8430 .param/l "ADDR_WIDTH" 1 3 9, +C4<00000000000000000000000000001000>;
P_000002df039e8468 .param/l "DATA_WIDTH" 1 3 8, +C4<00000000000000000000000000001000>;
P_000002df039e84a0 .param/l "RAM_DEPTH" 1 3 10, +C4<0000000000000000000000000000000100000000>;
v000002df03a0d490_0 .var "A", 7 0;
v000002df03a0d530_0 .var "CEB", 0 0;
v000002df03a0d5d0_0 .var "CSB", 0 0;
v000002df03a03d50_0 .var "I", 7 0;
v000002df03a9b200_0 .net "O", 7 0, v000002df03a23e90_0;  1 drivers
v000002df03a9ab20_0 .var "OEB", 0 0;
v000002df03a9b160_0 .var "WEB", 0 0;
v000002df03a9a940_0 .var/i "errors", 31 0;
v000002df03a9b660_0 .var/i "idx", 31 0;
S_000002df03a23b20 .scope module, "dut" "spram8x256_cb" 3 25, 4 4 0, S_000002df0363bd60;
 .timescale -9 -10;
    .port_info 0 /INPUT 1 "CEB";
    .port_info 1 /INPUT 1 "CSB";
    .port_info 2 /INPUT 1 "WEB";
    .port_info 3 /INPUT 1 "OEB";
    .port_info 4 /INPUT 8 "A";
    .port_info 5 /INPUT 8 "I";
    .port_info 6 /OUTPUT 8 "O";
P_000002df039e8640 .param/l "ADDR_WIDTH" 1 4 16, +C4<00000000000000000000000000001000>;
P_000002df039e8678 .param/l "DATA_WIDTH" 1 4 14, +C4<00000000000000000000000000001000>;
P_000002df039e86b0 .param/l "DEPTH" 1 4 15, +C4<00000000000000000000000100000000>;
v000002df0363bef0_0 .net "A", 7 0, v000002df03a0d490_0;  1 drivers
v000002df03a23cb0_0 .net "CEB", 0 0, v000002df03a0d530_0;  1 drivers
v000002df03a23d50_0 .net "CSB", 0 0, v000002df03a0d5d0_0;  1 drivers
v000002df03a23df0_0 .net "I", 7 0, v000002df03a03d50_0;  1 drivers
v000002df03a23e90_0 .var "O", 7 0;
v000002df03a0d210_0 .net "OEB", 0 0, v000002df03a9ab20_0;  1 drivers
v000002df03a0d2b0_0 .net "WEB", 0 0, v000002df03a9b160_0;  1 drivers
v000002df03a0d350_0 .var/i "i", 31 0;
v000002df03a0d3f0 .array "mem", 255 0, 7 0;
E_000002df03a16520 .event negedge, v000002df03a23cb0_0;
    .scope S_000002df03a23b20;
T_0 ;
    %pushi/vec4 0, 0, 8;
    %store/vec4 v000002df03a23e90_0, 0, 8;
    %pushi/vec4 0, 0, 32;
    %store/vec4 v000002df03a0d350_0, 0, 32;
T_0.0 ;
    %load/vec4 v000002df03a0d350_0;
    %cmpi/s 256, 0, 32;
    %jmp/0xz T_0.1, 5;
    %pushi/vec4 0, 0, 8;
    %ix/getv/s 4, v000002df03a0d350_0;
    %store/vec4a v000002df03a0d3f0, 4, 0;
    %load/vec4 v000002df03a0d350_0;
    %addi 1, 0, 32;
    %store/vec4 v000002df03a0d350_0, 0, 32;
    %jmp T_0.0;
T_0.1 ;
    %end;
    .thread T_0;
    .scope S_000002df03a23b20;
T_1 ;
    %wait E_000002df03a16520;
    %load/vec4 v000002df03a23d50_0;
    %nor/r;
    %flag_set/vec4 8;
    %jmp/0xz  T_1.0, 8;
    %load/vec4 v000002df03a0d2b0_0;
    %nor/r;
    %flag_set/vec4 8;
    %jmp/0xz  T_1.2, 8;
    %load/vec4 v000002df03a23df0_0;
    %load/vec4 v000002df0363bef0_0;
    %pad/u 10;
    %ix/vec4 3;
    %ix/load 4, 0, 0; Constant delay
    %assign/vec4/a/d v000002df03a0d3f0, 0, 4;
    %jmp T_1.3;
T_1.2 ;
    %load/vec4 v000002df03a0d210_0;
    %nor/r;
    %flag_set/vec4 8;
    %jmp/0xz  T_1.4, 8;
    %load/vec4 v000002df0363bef0_0;
    %pad/u 10;
    %ix/vec4 4;
    %load/vec4a v000002df03a0d3f0, 4;
    %assign/vec4 v000002df03a23e90_0, 0;
T_1.4 ;
T_1.3 ;
T_1.0 ;
    %jmp T_1;
    .thread T_1;
    .scope S_000002df0363bd60;
T_2 ;
    %delay 25, 0;
    %load/vec4 v000002df03a0d530_0;
    %inv;
    %store/vec4 v000002df03a0d530_0, 0, 1;
    %jmp T_2;
    .thread T_2;
    .scope S_000002df0363bd60;
T_3 ;
    %vpi_call/w 3 39 "$dumpfile", "lut_ram_tb.vcd" {0 0 0};
    %vpi_call/w 3 40 "$dumpvars", 32'sb00000000000000000000000000000000, S_000002df0363bd60 {0 0 0};
    %pushi/vec4 0, 0, 1;
    %store/vec4 v000002df03a0d530_0, 0, 1;
    %pushi/vec4 1, 0, 1;
    %store/vec4 v000002df03a0d5d0_0, 0, 1;
    %pushi/vec4 1, 0, 1;
    %store/vec4 v000002df03a9b160_0, 0, 1;
    %pushi/vec4 0, 0, 1;
    %store/vec4 v000002df03a9ab20_0, 0, 1;
    %pushi/vec4 0, 0, 8;
    %store/vec4 v000002df03a0d490_0, 0, 8;
    %pushi/vec4 0, 0, 8;
    %store/vec4 v000002df03a03d50_0, 0, 8;
    %pushi/vec4 0, 0, 32;
    %store/vec4 v000002df03a9a940_0, 0, 32;
    %pushi/vec4 2, 0, 32;
T_3.0 %dup/vec4;
    %pushi/vec4 0, 0, 32;
    %cmp/s;
    %jmp/1xz T_3.1, 5;
    %jmp/1 T_3.1, 4;
    %pushi/vec4 1, 0, 32;
    %sub;
    %wait E_000002df03a16520;
    %jmp T_3.0;
T_3.1 ;
    %pop/vec4 1;
    %pushi/vec4 0, 0, 32;
    %store/vec4 v000002df03a9b660_0, 0, 32;
T_3.2 ;
    %load/vec4 v000002df03a9b660_0;
    %pad/s 40;
    %cmpi/s 256, 0, 40;
    %jmp/0xz T_3.3, 5;
    %pushi/vec4 0, 0, 1;
    %assign/vec4 v000002df03a0d5d0_0, 0;
    %pushi/vec4 0, 0, 1;
    %assign/vec4 v000002df03a9b160_0, 0;
    %load/vec4 v000002df03a9b660_0;
    %parti/s 8, 0, 2;
    %assign/vec4 v000002df03a0d490_0, 0;
    %load/vec4 v000002df03a9b660_0;
    %parti/s 8, 0, 2;
    %assign/vec4 v000002df03a03d50_0, 0;
    %wait E_000002df03a16520;
    %load/vec4 v000002df03a9b660_0;
    %addi 1, 0, 32;
    %store/vec4 v000002df03a9b660_0, 0, 32;
    %jmp T_3.2;
T_3.3 ;
    %pushi/vec4 1, 0, 1;
    %assign/vec4 v000002df03a0d5d0_0, 0;
    %pushi/vec4 1, 0, 1;
    %assign/vec4 v000002df03a9b160_0, 0;
    %wait E_000002df03a16520;
    %pushi/vec4 0, 0, 32;
    %store/vec4 v000002df03a9b660_0, 0, 32;
T_3.4 ;
    %load/vec4 v000002df03a9b660_0;
    %pad/s 40;
    %cmpi/s 256, 0, 40;
    %jmp/0xz T_3.5, 5;
    %pushi/vec4 0, 0, 1;
    %assign/vec4 v000002df03a0d5d0_0, 0;
    %pushi/vec4 1, 0, 1;
    %assign/vec4 v000002df03a9b160_0, 0;
    %load/vec4 v000002df03a9b660_0;
    %parti/s 8, 0, 2;
    %assign/vec4 v000002df03a0d490_0, 0;
    %wait E_000002df03a16520;
    %delay 10, 0;
    %load/vec4 v000002df03a9b200_0;
    %load/vec4 v000002df03a9b660_0;
    %parti/s 8, 0, 2;
    %cmp/ne;
    %jmp/0xz  T_3.6, 6;
    %vpi_call/w 3 76 "$error", "Mismatch at addr %0d: got %0h expected %0h", v000002df03a9b660_0, v000002df03a9b200_0, &PV<v000002df03a9b660_0, 0, 8> {0 0 0};
    %load/vec4 v000002df03a9a940_0;
    %addi 1, 0, 32;
    %store/vec4 v000002df03a9a940_0, 0, 32;
    %jmp T_3.7;
T_3.6 ;
    %vpi_call/w 3 80 "$display", "PASS addr %0d data %0h", v000002df03a9b660_0, v000002df03a9b200_0 {0 0 0};
T_3.7 ;
    %load/vec4 v000002df03a9b660_0;
    %addi 1, 0, 32;
    %store/vec4 v000002df03a9b660_0, 0, 32;
    %jmp T_3.4;
T_3.5 ;
    %load/vec4 v000002df03a9a940_0;
    %cmpi/e 0, 0, 32;
    %jmp/0xz  T_3.8, 4;
    %vpi_call/w 3 85 "$display", "LUT_RAM TB PASSED (%0d entries)", P_000002df039e84a0 {0 0 0};
    %jmp T_3.9;
T_3.8 ;
    %vpi_call/w 3 88 "$display", "LUT_RAM TB FAILED with %0d errors", v000002df03a9a940_0 {0 0 0};
    %vpi_call/w 3 89 "$fatal", 32'sb00000000000000000000000000000001 {0 0 0};
T_3.9 ;
    %vpi_call/w 3 92 "$finish" {0 0 0};
    %end;
    .thread T_3;
# The file index is used to find the file name in the following table.
:file_names 5;
    "N/A";
    "<interactive>";
    "-";
    "E:\Git-Repos\ANIDS-VLSI-PROJECT\ANIDS\tb\integration\lut_ram_tb.sv";
    "E:\Git-Repos\ANIDS-VLSI-PROJECT\ANIDS\src\core\spram8x256_cb.sv";
